{"timestamp":"2026-08-01T13:23:12.327908Z","level":"info","event":"Filling up the DagBag from /opt/airflow/dags/2_versioned_dag.py","logger":"airflow.models.dagbag.DagBag","filename":"dagbag.py","lineno":593}
{"timestamp":"2026-08-01T13:23:44.253334Z","level":"info","event":"Filling up the DagBag from /opt/airflow/dags/2_versioned_dag.py","logger":"airflow.models.dagbag.DagBag","filename":"dagbag.py","lineno":593}
{"timestamp":"2026-08-01T13:24:15.104674Z","level":"info","event":"Filling up the DagBag from /opt/airflow/dags/2_versioned_dag.py","logger":"airflow.models.dagbag.DagBag","filename":"dagbag.py","lineno":593}
{"timestamp":"2026-08-01T13:24:45.791690Z","level":"info","event":"Filling up the DagBag from /opt/airflow/dags/2_versioned_dag.py","logger":"airflow.models.dagbag.DagBag","filename":"dagbag.py","lineno":593}
{"timestamp":"2026-08-01T13:25:16.820955Z","level":"info","event":"Filling up the DagBag from /opt/airflow/dags/2_versioned_dag.py","logger":"airflow.models.dagbag.DagBag","filename":"dagbag.py","lineno":593}
{"timestamp":"2026-08-01T13:25:48.268610Z","level":"info","event":"Filling up the DagBag from /opt/airflow/dags/2_versioned_dag.py","logger":"airflow.models.dagbag.DagBag","filename":"dagbag.py","lineno":593}
{"timestamp":"2026-08-01T13:26:18.651162Z","level":"info","event":"Filling up the DagBag from /opt/airflow/dags/2_versioned_dag.py","logger":"airflow.models.dagbag.DagBag","filename":"dagbag.py","lineno":593}
{"timestamp":"2026-08-01T13:26:49.594371Z","level":"info","event":"Filling up the DagBag from /opt/airflow/dags/2_versioned_dag.py","logger":"airflow.models.dagbag.DagBag","filename":"dagbag.py","lineno":593}
{"timestamp":"2026-08-01T13:27:20.848733Z","level":"info","event":"Filling up the DagBag from /opt/airflow/dags/2_versioned_dag.py","logger":"airflow.models.dagbag.DagBag","filename":"dagbag.py","lineno":593}
{"timestamp":"2026-08-01T13:27:52.025804Z","level":"info","event":"Filling up the DagBag from /opt/airflow/dags/2_versioned_dag.py","logger":"airflow.models.dagbag.DagBag","filename":"dagbag.py","lineno":593}
{"timestamp":"2026-08-01T13:28:22.983114Z","level":"info","event":"Filling up the DagBag from /opt/airflow/dags/2_versioned_dag.py","logger":"airflow.models.dagbag.DagBag","filename":"dagbag.py","lineno":593}
{"timestamp":"2026-08-01T13:28:54.046934Z","level":"info","event":"Filling up the DagBag from /opt/airflow/dags/2_versioned_dag.py","logger":"airflow.models.dagbag.DagBag","filename":"dagbag.py","lineno":593}
{"timestamp":"2026-08-01T13:29:24.641668Z","level":"info","event":"Filling up the DagBag from /opt/airflow/dags/2_versioned_dag.py","logger":"airflow.models.dagbag.DagBag","filename":"dagbag.py","lineno":593}
{"timestamp":"2026-08-01T13:29:56.486361Z","level":"info","event":"Filling up the DagBag from /opt/airflow/dags/2_versioned_dag.py","logger":"airflow.models.dagbag.DagBag","filename":"dagbag.py","lineno":593}
{"timestamp":"2026-08-01T13:30:28.620112Z","level":"info","event":"Filling up the DagBag from /opt/airflow/dags/2_versioned_dag.py","logger":"airflow.models.dagbag.DagBag","filename":"dagbag.py","lineno":593}
{"timestamp":"2026-08-01T13:30:59.937187Z","level":"info","event":"Filling up the DagBag from /opt/airflow/dags/2_versioned_dag.py","logger":"airflow.models.dagbag.DagBag","filename":"dagbag.py","lineno":593}
{"timestamp":"2026-08-01T13:31:30.478609Z","level":"info","event":"Filling up the DagBag from /opt/airflow/dags/2_versioned_dag.py","logger":"airflow.models.dagbag.DagBag","filename":"dagbag.py","lineno":593}
{"timestamp":"2026-08-01T13:32:01.356950Z","level":"info","event":"Filling up the DagBag from /opt/airflow/dags/2_versioned_dag.py","logger":"airflow.models.dagbag.DagBag","filename":"dagbag.py","lineno":593}
{"timestamp":"2026-08-01T13:32:32.681746Z","level":"info","event":"Filling up the DagBag from /opt/airflow/dags/2_versioned_dag.py","logger":"airflow.models.dagbag.DagBag","filename":"dagbag.py","lineno":593}
{"timestamp":"2026-08-01T13:33:03.436922Z","level":"info","event":"Filling up the DagBag from /opt/airflow/dags/2_versioned_dag.py","logger":"airflow.models.dagbag.DagBag","filename":"dagbag.py","lineno":593}
{"timestamp":"2026-08-01T13:33:34.697357Z","level":"info","event":"Filling up the DagBag from /opt/airflow/dags/2_versioned_dag.py","logger":"airflow.models.dagbag.DagBag","filename":"dagbag.py","lineno":593}
{"timestamp":"2026-08-01T13:34:05.222861Z","level":"info","event":"Filling up the DagBag from /opt/airflow/dags/2_versioned_dag.py","logger":"airflow.models.dagbag.DagBag","filename":"dagbag.py","lineno":593}
{"timestamp":"2026-08-01T13:34:35.481613Z","level":"info","event":"Filling up the DagBag from /opt/airflow/dags/2_versioned_dag.py","logger":"airflow.models.dagbag.DagBag","filename":"dagbag.py","lineno":593}
{"timestamp":"2026-08-01T13:35:05.910414Z","level":"info","event":"Filling up the DagBag from /opt/airflow/dags/2_versioned_dag.py","logger":"airflow.models.dagbag.DagBag","filename":"dagbag.py","lineno":593}
{"timestamp":"2026-08-01T13:35:36.151094Z","level":"info","event":"Filling up the DagBag from /opt/airflow/dags/2_versioned_dag.py","logger":"airflow.models.dagbag.DagBag","filename":"dagbag.py","lineno":593}
{"timestamp":"2026-08-01T13:36:06.279675Z","level":"info","event":"Filling up the DagBag from /opt/airflow/dags/2_versioned_dag.py","logger":"airflow.models.dagbag.DagBag","filename":"dagbag.py","lineno":593}
{"timestamp":"2026-08-01T13:36:36.498020Z","level":"info","event":"Filling up the DagBag from /opt/airflow/dags/2_versioned_dag.py","logger":"airflow.models.dagbag.DagBag","filename":"dagbag.py","lineno":593}
{"timestamp":"2026-08-01T13:37:06.766240Z","level":"info","event":"Filling up the DagBag from /opt/airflow/dags/2_versioned_dag.py","logger":"airflow.models.dagbag.DagBag","filename":"dagbag.py","lineno":593}
{"timestamp":"2026-08-01T13:37:36.951951Z","level":"info","event":"Filling up the DagBag from /opt/airflow/dags/2_versioned_dag.py","logger":"airflow.models.dagbag.DagBag","filename":"dagbag.py","lineno":593}
{"timestamp":"2026-08-01T13:38:07.273932Z","level":"info","event":"Filling up the DagBag from /opt/airflow/dags/2_versioned_dag.py","logger":"airflow.models.dagbag.DagBag","filename":"dagbag.py","lineno":593}
{"timestamp":"2026-08-01T13:38:37.460048Z","level":"info","event":"Filling up the DagBag from /opt/airflow/dags/2_versioned_dag.py","logger":"airflow.models.dagbag.DagBag","filename":"dagbag.py","lineno":593}
{"timestamp":"2026-08-01T13:39:07.903449Z","level":"info","event":"Filling up the DagBag from /opt/airflow/dags/2_versioned_dag.py","logger":"airflow.models.dagbag.DagBag","filename":"dagbag.py","lineno":593}
{"timestamp":"2026-08-01T13:39:38.784519Z","level":"info","event":"Filling up the DagBag from /opt/airflow/dags/2_versioned_dag.py","logger":"airflow.models.dagbag.DagBag","filename":"dagbag.py","lineno":593}
{"timestamp":"2026-08-01T13:40:09.371727Z","level":"info","event":"Filling up the DagBag from /opt/airflow/dags/2_versioned_dag.py","logger":"airflow.models.dagbag.DagBag","filename":"dagbag.py","lineno":593}
{"timestamp":"2026-08-01T13:40:39.519566Z","level":"info","event":"Filling up the DagBag from /opt/airflow/dags/2_versioned_dag.py","logger":"airflow.models.dagbag.DagBag","filename":"dagbag.py","lineno":593}
{"timestamp":"2026-08-01T13:41:10.153695Z","level":"info","event":"Filling up the DagBag from /opt/airflow/dags/2_versioned_dag.py","logger":"airflow.models.dagbag.DagBag","filename":"dagbag.py","lineno":593}
{"timestamp":"2026-08-01T13:41:40.772441Z","level":"info","event":"Filling up the DagBag from /opt/airflow/dags/2_versioned_dag.py","logger":"airflow.models.dagbag.DagBag","filename":"dagbag.py","lineno":593}
{"timestamp":"2026-08-01T13:42:11.724084Z","level":"info","event":"Filling up the DagBag from /opt/airflow/dags/2_versioned_dag.py","logger":"airflow.models.dagbag.DagBag","filename":"dagbag.py","lineno":593}
{"timestamp":"2026-08-01T13:42:42.041834Z","level":"info","event":"Filling up the DagBag from /opt/airflow/dags/2_versioned_dag.py","logger":"airflow.models.dagbag.DagBag","filename":"dagbag.py","lineno":593}
{"timestamp":"2026-08-01T13:43:12.365788Z","level":"info","event":"Filling up the DagBag from /opt/airflow/dags/2_versioned_dag.py","logger":"airflow.models.dagbag.DagBag","filename":"dagbag.py","lineno":593}
{"timestamp":"2026-08-01T13:43:42.574384Z","level":"info","event":"Filling up the DagBag from /opt/airflow/dags/2_versioned_dag.py","logger":"airflow.models.dagbag.DagBag","filename":"dagbag.py","lineno":593}
{"timestamp":"2026-08-01T13:44:12.901058Z","level":"info","event":"Filling up the DagBag from /opt/airflow/dags/2_versioned_dag.py","logger":"airflow.models.dagbag.DagBag","filename":"dagbag.py","lineno":593}
{"timestamp":"2026-08-01T13:44:43.265126Z","level":"info","event":"Filling up the DagBag from /opt/airflow/dags/2_versioned_dag.py","logger":"airflow.models.dagbag.DagBag","filename":"dagbag.py","lineno":593}
{"timestamp":"2026-08-01T13:45:14.082426Z","level":"info","event":"Filling up the DagBag from /opt/airflow/dags/2_versioned_dag.py","logger":"airflow.models.dagbag.DagBag","filename":"dagbag.py","lineno":593}
{"timestamp":"2026-08-01T13:45:44.419337Z","level":"info","event":"Filling up the DagBag from /opt/airflow/dags/2_versioned_dag.py","logger":"airflow.models.dagbag.DagBag","filename":"dagbag.py","lineno":593}
{"timestamp":"2026-08-01T13:46:15.063538Z","level":"info","event":"Filling up the DagBag from /opt/airflow/dags/2_versioned_dag.py","logger":"airflow.models.dagbag.DagBag","filename":"dagbag.py","lineno":593}
{"timestamp":"2026-08-01T13:46:45.269311Z","level":"info","event":"Filling up the DagBag from /opt/airflow/dags/2_versioned_dag.py","logger":"airflow.models.dagbag.DagBag","filename":"dagbag.py","lineno":593}
{"timestamp":"2026-08-01T13:47:15.466433Z","level":"info","event":"Filling up the DagBag from /opt/airflow/dags/2_versioned_dag.py","logger":"airflow.models.dagbag.DagBag","filename":"dagbag.py","lineno":593}
{"timestamp":"2026-08-01T13:47:45.684621Z","level":"info","event":"Filling up the DagBag from /opt/airflow/dags/2_versioned_dag.py","logger":"airflow.models.dagbag.DagBag","filename":"dagbag.py","lineno":593}
{"timestamp":"2026-08-01T13:48:16.129682Z","level":"info","event":"Filling up the DagBag from /opt/airflow/dags/2_versioned_dag.py","logger":"airflow.models.dagbag.DagBag","filename":"dagbag.py","lineno":593}
{"timestamp":"2026-08-01T13:48:46.457864Z","level":"info","event":"Filling up the DagBag from /opt/airflow/dags/2_versioned_dag.py","logger":"airflow.models.dagbag.DagBag","filename":"dagbag.py","lineno":593}
{"timestamp":"2026-08-01T13:49:17.053246Z","level":"info","event":"Filling up the DagBag from /opt/airflow/dags/2_versioned_dag.py","logger":"airflow.models.dagbag.DagBag","filename":"dagbag.py","lineno":593}
{"timestamp":"2026-08-01T13:49:47.998756Z","level":"info","event":"Filling up the DagBag from /opt/airflow/dags/2_versioned_dag.py","logger":"airflow.models.dagbag.DagBag","filename":"dagbag.py","lineno":593}
{"timestamp":"2026-08-01T13:50:18.521397Z","level":"info","event":"Filling up the DagBag from /opt/airflow/dags/2_versioned_dag.py","logger":"airflow.models.dagbag.DagBag","filename":"dagbag.py","lineno":593}
{"timestamp":"2026-08-01T13:50:48.923828Z","level":"info","event":"Filling up the DagBag from /opt/airflow/dags/2_versioned_dag.py","logger":"airflow.models.dagbag.DagBag","filename":"dagbag.py","lineno":593}
{"timestamp":"2026-08-01T13:51:19.123534Z","level":"info","event":"Filling up the DagBag from /opt/airflow/dags/2_versioned_dag.py","logger":"airflow.models.dagbag.DagBag","filename":"dagbag.py","lineno":593}
{"timestamp":"2026-08-01T13:51:49.403163Z","level":"info","event":"Filling up the DagBag from /opt/airflow/dags/2_versioned_dag.py","logger":"airflow.models.dagbag.DagBag","filename":"dagbag.py","lineno":593}
{"timestamp":"2026-08-01T13:52:19.536367Z","level":"info","event":"Filling up the DagBag from /opt/airflow/dags/2_versioned_dag.py","logger":"airflow.models.dagbag.DagBag","filename":"dagbag.py","lineno":593}
{"timestamp":"2026-08-01T13:52:49.790834Z","level":"info","event":"Filling up the DagBag from /opt/airflow/dags/2_versioned_dag.py","logger":"airflow.models.dagbag.DagBag","filename":"dagbag.py","lineno":593}
{"timestamp":"2026-08-01T13:53:20.450795Z","level":"info","event":"Filling up the DagBag from /opt/airflow/dags/2_versioned_dag.py","logger":"airflow.models.dagbag.DagBag","filename":"dagbag.py","lineno":593}
{"timestamp":"2026-08-01T13:53:51.240755Z","level":"info","event":"Filling up the DagBag from /opt/airflow/dags/2_versioned_dag.py","logger":"airflow.models.dagbag.DagBag","filename":"dagbag.py","lineno":593}
{"timestamp":"2026-08-01T13:54:21.785389Z","level":"info","event":"Filling up the DagBag from /opt/airflow/dags/2_versioned_dag.py","logger":"airflow.models.dagbag.DagBag","filename":"dagbag.py","lineno":593}
{"timestamp":"2026-08-01T13:54:52.468043Z","level":"info","event":"Filling up the DagBag from /opt/airflow/dags/2_versioned_dag.py","logger":"airflow.models.dagbag.DagBag","filename":"dagbag.py","lineno":593}
{"timestamp":"2026-08-01T14:02:32.220575Z","level":"info","event":"Filling up the DagBag from /opt/airflow/dags/2_versioned_dag.py","logger":"airflow.models.dagbag.DagBag","filename":"dagbag.py","lineno":593}
{"timestamp":"2026-08-01T14:03:03.656342Z","level":"info","event":"Filling up the DagBag from /opt/airflow/dags/2_versioned_dag.py","logger":"airflow.models.dagbag.DagBag","filename":"dagbag.py","lineno":593}
{"timestamp":"2026-08-01T14:03:34.358509Z","level":"info","event":"Filling up the DagBag from /opt/airflow/dags/2_versioned_dag.py","logger":"airflow.models.dagbag.DagBag","filename":"dagbag.py","lineno":593}
{"timestamp":"2026-08-01T14:04:04.732665Z","level":"info","event":"Filling up the DagBag from /opt/airflow/dags/2_versioned_dag.py","logger":"airflow.models.dagbag.DagBag","filename":"dagbag.py","lineno":593}
{"timestamp":"2026-08-01T14:04:35.458845Z","level":"info","event":"Filling up the DagBag from /opt/airflow/dags/2_versioned_dag.py","logger":"airflow.models.dagbag.DagBag","filename":"dagbag.py","lineno":593}
{"timestamp":"2026-08-01T14:05:06.421687Z","level":"info","event":"Filling up the DagBag from /opt/airflow/dags/2_versioned_dag.py","logger":"airflow.models.dagbag.DagBag","filename":"dagbag.py","lineno":593}
{"timestamp":"2026-08-01T14:05:37.134531Z","level":"info","event":"Filling up the DagBag from /opt/airflow/dags/2_versioned_dag.py","logger":"airflow.models.dagbag.DagBag","filename":"dagbag.py","lineno":593}
{"timestamp":"2026-08-01T14:06:08.275157Z","level":"info","event":"Filling up the DagBag from /opt/airflow/dags/2_versioned_dag.py","logger":"airflow.models.dagbag.DagBag","filename":"dagbag.py","lineno":593}
{"timestamp":"2026-08-01T14:06:38.679452Z","level":"info","event":"Filling up the DagBag from /opt/airflow/dags/2_versioned_dag.py","logger":"airflow.models.dagbag.DagBag","filename":"dagbag.py","lineno":593}
{"timestamp":"2026-08-01T14:07:09.196842Z","level":"info","event":"Filling up the DagBag from /opt/airflow/dags/2_versioned_dag.py","logger":"airflow.models.dagbag.DagBag","filename":"dagbag.py","lineno":593}
{"timestamp":"2026-08-01T14:07:39.999688Z","level":"info","event":"Filling up the DagBag from /opt/airflow/dags/2_versioned_dag.py","logger":"airflow.models.dagbag.DagBag","filename":"dagbag.py","lineno":593}
{"timestamp":"2026-08-01T14:08:10.293948Z","level":"info","event":"Filling up the DagBag from /opt/airflow/dags/2_versioned_dag.py","logger":"airflow.models.dagbag.DagBag","filename":"dagbag.py","lineno":593}
{"timestamp":"2026-08-01T14:08:40.491463Z","level":"info","event":"Filling up the DagBag from /opt/airflow/dags/2_versioned_dag.py","logger":"airflow.models.dagbag.DagBag","filename":"dagbag.py","lineno":593}
{"timestamp":"2026-08-01T14:09:11.029847Z","level":"info","event":"Filling up the DagBag from /opt/airflow/dags/2_versioned_dag.py","logger":"airflow.models.dagbag.DagBag","filename":"dagbag.py","lineno":593}
{"timestamp":"2026-08-01T14:09:41.240992Z","level":"info","event":"Filling up the DagBag from /opt/airflow/dags/2_versioned_dag.py","logger":"airflow.models.dagbag.DagBag","filename":"dagbag.py","lineno":593}
{"timestamp":"2026-08-01T14:10:11.704088Z","level":"info","event":"Filling up the DagBag from /opt/airflow/dags/2_versioned_dag.py","logger":"airflow.models.dagbag.DagBag","filename":"dagbag.py","lineno":593}
{"timestamp":"2026-08-01T18:14:48.291744Z","level":"info","event":"Filling up the DagBag from /opt/airflow/dags/2_versioned_dag.py","logger":"airflow.models.dagbag.DagBag","filename":"dagbag.py","lineno":593}
{"timestamp":"2026-08-01T18:15:21.948323Z","level":"info","event":"Filling up the DagBag from /opt/airflow/dags/2_versioned_dag.py","logger":"airflow.models.dagbag.DagBag","filename":"dagbag.py","lineno":593}
{"timestamp":"2026-08-01T18:15:52.350471Z","level":"info","event":"Filling up the DagBag from /opt/airflow/dags/2_versioned_dag.py","logger":"airflow.models.dagbag.DagBag","filename":"dagbag.py","lineno":593}
{"timestamp":"2026-08-01T18:16:23.821719Z","level":"info","event":"Filling up the DagBag from /opt/airflow/dags/2_versioned_dag.py","logger":"airflow.models.dagbag.DagBag","filename":"dagbag.py","lineno":593}
{"timestamp":"2026-08-01T18:16:54.781228Z","level":"info","event":"Filling up the DagBag from /opt/airflow/dags/2_versioned_dag.py","logger":"airflow.models.dagbag.DagBag","filename":"dagbag.py","lineno":593}
{"timestamp":"2026-08-01T18:17:24.945984Z","level":"info","event":"Filling up the DagBag from /opt/airflow/dags/2_versioned_dag.py","logger":"airflow.models.dagbag.DagBag","filename":"dagbag.py","lineno":593}
{"timestamp":"2026-08-01T18:17:55.174430Z","level":"info","event":"Filling up the DagBag from /opt/airflow/dags/2_versioned_dag.py","logger":"airflow.models.dagbag.DagBag","filename":"dagbag.py","lineno":593}
{"timestamp":"2026-08-01T18:18:25.499166Z","level":"info","event":"Filling up the DagBag from /opt/airflow/dags/2_versioned_dag.py","logger":"airflow.models.dagbag.DagBag","filename":"dagbag.py","lineno":593}
{"timestamp":"2026-08-01T18:18:55.675797Z","level":"info","event":"Filling up the DagBag from /opt/airflow/dags/2_versioned_dag.py","logger":"airflow.models.dagbag.DagBag","filename":"dagbag.py","lineno":593}
{"timestamp":"2026-08-01T18:19:25.918563Z","level":"info","event":"Filling up the DagBag from /opt/airflow/dags/2_versioned_dag.py","logger":"airflow.models.dagbag.DagBag","filename":"dagbag.py","lineno":593}
{"timestamp":"2026-08-01T18:19:56.308900Z","level":"info","event":"Filling up the DagBag from /opt/airflow/dags/2_versioned_dag.py","logger":"airflow.models.dagbag.DagBag","filename":"dagbag.py","lineno":593}
{"timestamp":"2026-08-01T18:20:26.602616Z","level":"info","event":"Filling up the DagBag from /opt/airflow/dags/2_versioned_dag.py","logger":"airflow.models.dagbag.DagBag","filename":"dagbag.py","lineno":593}
{"timestamp":"2026-08-01T18:20:56.880203Z","level":"info","event":"Filling up the DagBag from /opt/airflow/dags/2_versioned_dag.py","logger":"airflow.models.dagbag.DagBag","filename":"dagbag.py","lineno":593}
{"timestamp":"2026-08-01T18:21:27.194279Z","level":"info","event":"Filling up the DagBag from /opt/airflow/dags/2_versioned_dag.py","logger":"airflow.models.dagbag.DagBag","filename":"dagbag.py","lineno":593}
{"timestamp":"2026-08-01T18:21:57.479402Z","level":"info","event":"Filling up the DagBag from /opt/airflow/dags/2_versioned_dag.py","logger":"airflow.models.dagbag.DagBag","filename":"dagbag.py","lineno":593}
{"timestamp":"2026-08-01T18:22:27.714541Z","level":"info","event":"Filling up the DagBag from /opt/airflow/dags/2_versioned_dag.py","logger":"airflow.models.dagbag.DagBag","filename":"dagbag.py","lineno":593}
{"timestamp":"2026-08-01T18:22:57.942874Z","level":"info","event":"Filling up the DagBag from /opt/airflow/dags/2_versioned_dag.py","logger":"airflow.models.dagbag.DagBag","filename":"dagbag.py","lineno":593}
{"timestamp":"2026-08-01T18:23:28.141187Z","level":"info","event":"Filling up the DagBag from /opt/airflow/dags/2_versioned_dag.py","logger":"airflow.models.dagbag.DagBag","filename":"dagbag.py","lineno":593}
{"timestamp":"2026-08-01T18:23:58.403218Z","level":"info","event":"Filling up the DagBag from /opt/airflow/dags/2_versioned_dag.py","logger":"airflow.models.dagbag.DagBag","filename":"dagbag.py","lineno":593}
{"timestamp":"2026-08-01T18:24:28.640861Z","level":"info","event":"Filling up the DagBag from /opt/airflow/dags/2_versioned_dag.py","logger":"airflow.models.dagbag.DagBag","filename":"dagbag.py","lineno":593}
{"timestamp":"2026-08-01T18:24:58.858936Z","level":"info","event":"Filling up the DagBag from /opt/airflow/dags/2_versioned_dag.py","logger":"airflow.models.dagbag.DagBag","filename":"dagbag.py","lineno":593}
{"timestamp":"2026-08-01T18:25:29.188775Z","level":"info","event":"Filling up the DagBag from /opt/airflow/dags/2_versioned_dag.py","logger":"airflow.models.dagbag.DagBag","filename":"dagbag.py","lineno":593}
{"timestamp":"2026-08-01T18:25:59.356751Z","level":"info","event":"Filling up the DagBag from /opt/airflow/dags/2_versioned_dag.py","logger":"airflow.models.dagbag.DagBag","filename":"dagbag.py","lineno":593}
{"timestamp":"2026-08-01T18:26:29.879255Z","level":"info","event":"Filling up the DagBag from /opt/airflow/dags/2_versioned_dag.py","logger":"airflow.models.dagbag.DagBag","filename":"dagbag.py","lineno":593}
{"timestamp":"2026-08-01T18:27:00.412915Z","level":"info","event":"Filling up the DagBag from /opt/airflow/dags/2_versioned_dag.py","logger":"airflow.models.dagbag.DagBag","filename":"dagbag.py","lineno":593}
{"timestamp":"2026-08-01T18:27:30.909806Z","level":"info","event":"Filling up the DagBag from /opt/airflow/dags/2_versioned_dag.py","logger":"airflow.models.dagbag.DagBag","filename":"dagbag.py","lineno":593}
{"timestamp":"2026-08-01T18:28:01.116213Z","level":"info","event":"Filling up the DagBag from /opt/airflow/dags/2_versioned_dag.py","logger":"airflow.models.dagbag.DagBag","filename":"dagbag.py","lineno":593}
{"timestamp":"2026-08-01T18:28:31.386273Z","level":"info","event":"Filling up the DagBag from /opt/airflow/dags/2_versioned_dag.py","logger":"airflow.models.dagbag.DagBag","filename":"dagbag.py","lineno":593}
{"timestamp":"2026-08-01T18:29:01.627478Z","level":"info","event":"Filling up the DagBag from /opt/airflow/dags/2_versioned_dag.py","logger":"airflow.models.dagbag.DagBag","filename":"dagbag.py","lineno":593}
{"timestamp":"2026-08-01T18:29:31.848260Z","level":"info","event":"Filling up the DagBag from /opt/airflow/dags/2_versioned_dag.py","logger":"airflow.models.dagbag.DagBag","filename":"dagbag.py","lineno":593}
{"timestamp":"2026-08-01T18:30:02.246114Z","level":"info","event":"Filling up the DagBag from /opt/airflow/dags/2_versioned_dag.py","logger":"airflow.models.dagbag.DagBag","filename":"dagbag.py","lineno":593}
{"timestamp":"2026-08-01T18:30:32.465298Z","level":"info","event":"Filling up the DagBag from /opt/airflow/dags/2_versioned_dag.py","logger":"airflow.models.dagbag.DagBag","filename":"dagbag.py","lineno":593}
{"timestamp":"2026-08-01T18:31:02.733036Z","level":"info","event":"Filling up the DagBag from /opt/airflow/dags/2_versioned_dag.py","logger":"airflow.models.dagbag.DagBag","filename":"dagbag.py","lineno":593}
{"timestamp":"2026-08-01T18:31:33.188623Z","level":"info","event":"Filling up the DagBag from /opt/airflow/dags/2_versioned_dag.py","logger":"airflow.models.dagbag.DagBag","filename":"dagbag.py","lineno":593}
{"timestamp":"2026-08-01T18:32:03.406330Z","level":"info","event":"Filling up the DagBag from /opt/airflow/dags/2_versioned_dag.py","logger":"airflow.models.dagbag.DagBag","filename":"dagbag.py","lineno":593}
{"timestamp":"2026-08-01T18:32:33.798742Z","level":"info","event":"Filling up the DagBag from /opt/airflow/dags/2_versioned_dag.py","logger":"airflow.models.dagbag.DagBag","filename":"dagbag.py","lineno":593}
{"timestamp":"2026-08-01T18:33:04.058074Z","level":"info","event":"Filling up the DagBag from /opt/airflow/dags/2_versioned_dag.py","logger":"airflow.models.dagbag.DagBag","filename":"dagbag.py","lineno":593}
{"timestamp":"2026-08-01T18:33:34.418943Z","level":"info","event":"Filling up the DagBag from /opt/airflow/dags/2_versioned_dag.py","logger":"airflow.models.dagbag.DagBag","filename":"dagbag.py","lineno":593}
{"timestamp":"2026-08-01T18:34:05.108959Z","level":"info","event":"Filling up the DagBag from /opt/airflow/dags/2_versioned_dag.py","logger":"airflow.models.dagbag.DagBag","filename":"dagbag.py","lineno":593}
{"timestamp":"2026-08-01T18:34:36.013473Z","level":"info","event":"Filling up the DagBag from /opt/airflow/dags/2_versioned_dag.py","logger":"airflow.models.dagbag.DagBag","filename":"dagbag.py","lineno":593}
{"timestamp":"2026-08-01T18:35:06.487917Z","level":"info","event":"Filling up the DagBag from /opt/airflow/dags/2_versioned_dag.py","logger":"airflow.models.dagbag.DagBag","filename":"dagbag.py","lineno":593}
{"timestamp":"2026-08-01T18:35:36.867566Z","level":"info","event":"Filling up the DagBag from /opt/airflow/dags/2_versioned_dag.py","logger":"airflow.models.dagbag.DagBag","filename":"dagbag.py","lineno":593}
{"timestamp":"2026-08-01T18:36:07.092226Z","level":"info","event":"Filling up the DagBag from /opt/airflow/dags/2_versioned_dag.py","logger":"airflow.models.dagbag.DagBag","filename":"dagbag.py","lineno":593}
{"timestamp":"2026-08-01T18:36:37.633091Z","level":"info","event":"Filling up the DagBag from /opt/airflow/dags/2_versioned_dag.py","logger":"airflow.models.dagbag.DagBag","filename":"dagbag.py","lineno":593}
{"timestamp":"2026-08-01T18:37:08.033553Z","level":"info","event":"Filling up the DagBag from /opt/airflow/dags/2_versioned_dag.py","logger":"airflow.models.dagbag.DagBag","filename":"dagbag.py","lineno":593}
{"timestamp":"2026-08-01T18:37:39.050711Z","level":"info","event":"Filling up the DagBag from /opt/airflow/dags/2_versioned_dag.py","logger":"airflow.models.dagbag.DagBag","filename":"dagbag.py","lineno":593}
{"timestamp":"2026-08-01T18:38:09.714114Z","level":"info","event":"Filling up the DagBag from /opt/airflow/dags/2_versioned_dag.py","logger":"airflow.models.dagbag.DagBag","filename":"dagbag.py","lineno":593}
{"timestamp":"2026-08-01T18:38:40.459456Z","level":"info","event":"Filling up the DagBag from /opt/airflow/dags/2_versioned_dag.py","logger":"airflow.models.dagbag.DagBag","filename":"dagbag.py","lineno":593}
{"timestamp":"2026-08-01T18:39:11.193183Z","level":"info","event":"Filling up the DagBag from /opt/airflow/dags/2_versioned_dag.py","logger":"airflow.models.dagbag.DagBag","filename":"dagbag.py","lineno":593}
{"timestamp":"2026-08-01T18:39:43.397551Z","level":"info","event":"Filling up the DagBag from /opt/airflow/dags/2_versioned_dag.py","logger":"airflow.models.dagbag.DagBag","filename":"dagbag.py","lineno":593}
{"timestamp":"2026-08-01T18:40:14.426044Z","level":"info","event":"Filling up the DagBag from /opt/airflow/dags/2_versioned_dag.py","logger":"airflow.models.dagbag.DagBag","filename":"dagbag.py","lineno":593}
{"timestamp":"2026-08-01T18:40:47.948029Z","level":"info","event":"Filling up the DagBag from /opt/airflow/dags/2_versioned_dag.py","logger":"airflow.models.dagbag.DagBag","filename":"dagbag.py","lineno":593}
{"timestamp":"2026-08-01T18:41:19.657996Z","level":"info","event":"Filling up the DagBag from /opt/airflow/dags/2_versioned_dag.py","logger":"airflow.models.dagbag.DagBag","filename":"dagbag.py","lineno":593}
{"timestamp":"2026-08-01T18:41:53.575471Z","level":"info","event":"Filling up the DagBag from /opt/airflow/dags/2_versioned_dag.py","logger":"airflow.models.dagbag.DagBag","filename":"dagbag.py","lineno":593}
{"timestamp":"2026-08-01T18:42:24.563482Z","level":"info","event":"Filling up the DagBag from /opt/airflow/dags/2_versioned_dag.py","logger":"airflow.models.dagbag.DagBag","filename":"dagbag.py","lineno":593}
{"timestamp":"2026-08-01T18:42:56.173214Z","level":"info","event":"Filling up the DagBag from /opt/airflow/dags/2_versioned_dag.py","logger":"airflow.models.dagbag.DagBag","filename":"dagbag.py","lineno":593}
{"timestamp":"2026-08-01T18:43:27.026957Z","level":"info","event":"Filling up the DagBag from /opt/airflow/dags/2_versioned_dag.py","logger":"airflow.models.dagbag.DagBag","filename":"dagbag.py","lineno":593}
{"timestamp":"2026-08-01T18:43:57.853994Z","level":"info","event":"Filling up the DagBag from /opt/airflow/dags/2_versioned_dag.py","logger":"airflow.models.dagbag.DagBag","filename":"dagbag.py","lineno":593}
{"timestamp":"2026-08-01T18:44:28.792447Z","level":"info","event":"Filling up the DagBag from /opt/airflow/dags/2_versioned_dag.py","logger":"airflow.models.dagbag.DagBag","filename":"dagbag.py","lineno":593}
{"timestamp":"2026-08-01T18:44:59.122559Z","level":"info","event":"Filling up the DagBag from /opt/airflow/dags/2_versioned_dag.py","logger":"airflow.models.dagbag.DagBag","filename":"dagbag.py","lineno":593}
{"timestamp":"2026-08-01T18:45:29.418719Z","level":"info","event":"Filling up the DagBag from /opt/airflow/dags/2_versioned_dag.py","logger":"airflow.models.dagbag.DagBag","filename":"dagbag.py","lineno":593}
{"timestamp":"2026-08-01T18:45:59.658258Z","level":"info","event":"Filling up the DagBag from /opt/airflow/dags/2_versioned_dag.py","logger":"airflow.models.dagbag.DagBag","filename":"dagbag.py","lineno":593}
{"timestamp":"2026-08-01T18:46:30.273692Z","level":"info","event":"Filling up the DagBag from /opt/airflow/dags/2_versioned_dag.py","logger":"airflow.models.dagbag.DagBag","filename":"dagbag.py","lineno":593}
{"timestamp":"2026-08-01T18:47:00.819204Z","level":"info","event":"Filling up the DagBag from /opt/airflow/dags/2_versioned_dag.py","logger":"airflow.models.dagbag.DagBag","filename":"dagbag.py","lineno":593}
{"timestamp":"2026-08-01T18:47:31.203130Z","level":"info","event":"Filling up the DagBag from /opt/airflow/dags/2_versioned_dag.py","logger":"airflow.models.dagbag.DagBag","filename":"dagbag.py","lineno":593}
{"timestamp":"2026-08-01T18:48:04.265073Z","level":"info","event":"Filling up the DagBag from /opt/airflow/dags/2_versioned_dag.py","logger":"airflow.models.dagbag.DagBag","filename":"dagbag.py","lineno":593}
{"timestamp":"2026-08-01T18:51:19.894806Z","level":"info","event":"Filling up the DagBag from /opt/airflow/dags/2_versioned_dag.py","logger":"airflow.models.dagbag.DagBag","filename":"dagbag.py","lineno":593}
{"timestamp":"2026-08-01T18:51:35.619960Z","level":"error","event":"Process timed out, PID: 5368","logger":"airflow.models.dagbag","filename":"dagbag.py","lineno":134}
{"timestamp":"2026-08-01T18:51:35.786379Z","level":"error","event":"Failed to import: /opt/airflow/dags/2_versioned_dag.py","logger":"airflow.models.dagbag.DagBag","filename":"dagbag.py","lineno":415,"error_detail":[{"exc_type":"AirflowTaskTimeout","exc_value":"DagBag import timeout for /opt/airflow/dags/2_versioned_dag.py after 10.0s.\nPlease take a look at these docs to improve your DAG import time:\n* https://airflow.apache.org/docs/apache-airflow/3.1.6/best-practices.html#top-level-python-code\n* https://airflow.apache.org/docs/apache-airflow/3.1.6/best-practices.html#reducing-dag-complexity, PID: 5368","exc_notes":[],"syntax_error":null,"is_cause":false,"frames":[{"filename":"/home/airflow/.local/lib/python3.12/site-packages/airflow/models/dagbag.py","lineno":405,"name":"parse"},{"filename":"<frozen importlib._bootstrap_external>","lineno":999,"name":"exec_module"},{"filename":"<frozen importlib._bootstrap>","lineno":488,"name":"_call_with_frames_removed"},{"filename":"/opt/airflow/dags/2_versioned_dag.py","lineno":31,"name":"<module>"},{"filename":"/home/airflow/.local/lib/python3.12/site-packages/airflow/sdk/definitions/dag.py","lineno":1543,"name":"factory"},{"filename":"<attrs generated methods airflow.sdk.definitions.dag.DAG>","lineno":39,"name":"__init__"},{"filename":"/home/airflow/.local/lib/python3.12/site-packages/airflow/configuration.py","lineno":1202,"name":"getboolean"},{"filename":"/home/airflow/.local/lib/python3.12/site-packages/airflow/configuration.py","lineno":1066,"name":"get"},{"filename":"/home/airflow/.local/lib/python3.12/site-packages/airflow/configuration.py","lineno":1170,"name":"_get_option_from_config_file"},{"filename":"/usr/python/lib/python3.12/configparser.py","lineno":777,"name":"get"},{"filename":"/usr/python/lib/python3.12/configparser.py","lineno":365,"name":"before_get"},{"filename":"/home/airflow/.local/lib/python3.12/site-packages/airflow/models/dagbag.py","lineno":135,"name":"handle_timeout"}],"is_group":false,"exceptions":[]}]}
{"timestamp":"2026-08-01T18:54:56.212690Z","level":"info","event":"Filling up the DagBag from /opt/airflow/dags/2_versioned_dag.py","logger":"airflow.models.dagbag.DagBag","filename":"dagbag.py","lineno":593}
{"timestamp":"2026-08-01T18:55:27.106372Z","level":"error","event":"Process timed out, PID: 5404","logger":"airflow.models.dagbag","filename":"dagbag.py","lineno":134}
{"timestamp":"2026-08-01T18:55:27.327492Z","level":"error","event":"Failed to import: /opt/airflow/dags/2_versioned_dag.py","logger":"airflow.models.dagbag.DagBag","filename":"dagbag.py","lineno":415,"error_detail":[{"exc_type":"AirflowTaskTimeout","exc_value":"DagBag import timeout for /opt/airflow/dags/2_versioned_dag.py after 10.0s.\nPlease take a look at these docs to improve your DAG import time:\n* https://airflow.apache.org/docs/apache-airflow/3.1.6/best-practices.html#top-level-python-code\n* https://airflow.apache.org/docs/apache-airflow/3.1.6/best-practices.html#reducing-dag-complexity, PID: 5404","exc_notes":[],"syntax_error":null,"is_cause":false,"frames":[{"filename":"/home/airflow/.local/lib/python3.12/site-packages/airflow/models/dagbag.py","lineno":405,"name":"parse"},{"filename":"<frozen importlib._bootstrap_external>","lineno":999,"name":"exec_module"},{"filename":"<frozen importlib._bootstrap>","lineno":488,"name":"_call_with_frames_removed"},{"filename":"/opt/airflow/dags/2_versioned_dag.py","lineno":1,"name":"<module>"},{"filename":"<frozen importlib._bootstrap>","lineno":1412,"name":"_handle_fromlist"},{"filename":"/home/airflow/.local/lib/python3.12/site-packages/airflow/sdk/__init__.py","lineno":134,"name":"__getattr__"},{"filename":"/usr/python/lib/python3.12/importlib/__init__.py","lineno":90,"name":"import_module"},{"filename":"/home/airflow/.local/lib/python3.12/site-packages/airflow/sdk/definitions/decorators/__init__.py","lineno":25,"name":"<module>"},{"filename":"/home/airflow/.local/lib/python3.12/site-packages/airflow/sdk/definitions/decorators/setup_teardown.py","lineno":26,"name":"<module>"},{"filename":"/home/airflow/.local/lib/python3.12/site-packages/airflow/sdk/definitions/decorators/task_group.py","lineno":60,"name":"<module>"},{"filename":"/home/airflow/.local/lib/python3.12/site-packages/attr/_next_gen.py","lineno":421,"name":"wrap"},{"filename":"/home/airflow/.local/lib/python3.12/site-packages/attr/_next_gen.py","lineno":366,"name":"do_it"},{"filename":"/home/airflow/.local/lib/python3.12/site-packages/attr/_make.py","lineno":1577,"name":"attrs"},{"filename":"/home/airflow/.local/lib/python3.12/site-packages/attr/_make.py","lineno":1534,"name":"wrap"},{"filename":"/home/airflow/.local/lib/python3.12/site-packages/attr/_make.py","lineno":993,"name":"add_repr"},{"filename":"/home/airflow/.local/lib/python3.12/site-packages/attr/_make.py","lineno":1841,"name":"_make_repr_script"},{"filename":"/home/airflow/.local/lib/python3.12/site-packages/airflow/models/dagbag.py","lineno":135,"name":"handle_timeout"}],"is_group":false,"exceptions":[]}]}
{"timestamp":"2026-08-01T19:03:02.495197Z","level":"info","event":"Filling up the DagBag from /opt/airflow/dags/2_versioned_dag.py","logger":"airflow.models.dagbag.DagBag","filename":"dagbag.py","lineno":593}
{"timestamp":"2026-08-01T19:03:19.150445Z","level":"error","event":"Process timed out, PID: 5467","logger":"airflow.models.dagbag","filename":"dagbag.py","lineno":134}
{"timestamp":"2026-08-01T19:03:19.290439Z","level":"error","event":"Failed to import: /opt/airflow/dags/2_versioned_dag.py","logger":"airflow.models.dagbag.DagBag","filename":"dagbag.py","lineno":415,"error_detail":[{"exc_type":"AirflowTaskTimeout","exc_value":"DagBag import timeout for /opt/airflow/dags/2_versioned_dag.py after 10.0s.\nPlease take a look at these docs to improve your DAG import time:\n* https://airflow.apache.org/docs/apache-airflow/3.1.6/best-practices.html#top-level-python-code\n* https://airflow.apache.org/docs/apache-airflow/3.1.6/best-practices.html#reducing-dag-complexity, PID: 5467","exc_notes":[],"syntax_error":null,"is_cause":false,"frames":[{"filename":"/home/airflow/.local/lib/python3.12/site-packages/airflow/models/dagbag.py","lineno":405,"name":"parse"},{"filename":"<frozen importlib._bootstrap_external>","lineno":999,"name":"exec_module"},{"filename":"<frozen importlib._bootstrap>","lineno":488,"name":"_call_with_frames_removed"},{"filename":"/opt/airflow/dags/2_versioned_dag.py","lineno":1,"name":"<module>"},{"filename":"<frozen importlib._bootstrap>","lineno":1412,"name":"_handle_fromlist"},{"filename":"/home/airflow/.local/lib/python3.12/site-packages/airflow/sdk/__init__.py","lineno":134,"name":"__getattr__"},{"filename":"/usr/python/lib/python3.12/importlib/__init__.py","lineno":90,"name":"import_module"},{"filename":"/home/airflow/.local/lib/python3.12/site-packages/airflow/sdk/definitions/decorators/__init__.py","lineno":22,"name":"<module>"},{"filename":"/home/airflow/.local/lib/python3.12/site-packages/airflow/sdk/bases/decorator.py","lineno":301,"name":"<module>"},{"filename":"/home/airflow/.local/lib/python3.12/site-packages/attr/_next_gen.py","lineno":421,"name":"wrap"},{"filename":"/home/airflow/.local/lib/python3.12/site-packages/attr/_next_gen.py","lineno":366,"name":"do_it"},{"filename":"/home/airflow/.local/lib/python3.12/site-packages/attr/_make.py","lineno":1577,"name":"attrs"},{"filename":"/home/airflow/.local/lib/python3.12/site-packages/attr/_make.py","lineno":1525,"name":"wrap"},{"filename":"/home/airflow/.local/lib/python3.12/site-packages/attr/_make.py","lineno":674,"name":"__init__"},{"filename":"/home/airflow/.local/lib/python3.12/site-packages/attr/_make.py","lineno":452,"name":"_transform_attrs"},{"filename":"/home/airflow/.local/lib/python3.12/site-packages/attr/_make.py","lineno":328,"name":"_collect_base_attrs"},{"filename":"/home/airflow/.local/lib/python3.12/site-packages/airflow/models/dagbag.py","lineno":135,"name":"handle_timeout"}],"is_group":false,"exceptions":[]}]}
