{"timestamp":"2026-08-01T13:22:36.045894Z","level":"info","event":"Filling up the DagBag from /opt/airflow/dags/4_parallel_tasks_dag.py","logger":"airflow.models.dagbag.DagBag","filename":"dagbag.py","lineno":593}
{"timestamp":"2026-08-01T13:23:34.703123Z","level":"info","event":"Filling up the DagBag from /opt/airflow/dags/4_parallel_tasks_dag.py","logger":"airflow.models.dagbag.DagBag","filename":"dagbag.py","lineno":593}
{"timestamp":"2026-08-01T13:24:05.054966Z","level":"info","event":"Filling up the DagBag from /opt/airflow/dags/4_parallel_tasks_dag.py","logger":"airflow.models.dagbag.DagBag","filename":"dagbag.py","lineno":593}
{"timestamp":"2026-08-01T13:24:35.666625Z","level":"info","event":"Filling up the DagBag from /opt/airflow/dags/4_parallel_tasks_dag.py","logger":"airflow.models.dagbag.DagBag","filename":"dagbag.py","lineno":593}
{"timestamp":"2026-08-01T13:25:06.680467Z","level":"info","event":"Filling up the DagBag from /opt/airflow/dags/4_parallel_tasks_dag.py","logger":"airflow.models.dagbag.DagBag","filename":"dagbag.py","lineno":593}
{"timestamp":"2026-08-01T13:25:37.871380Z","level":"info","event":"Filling up the DagBag from /opt/airflow/dags/4_parallel_tasks_dag.py","logger":"airflow.models.dagbag.DagBag","filename":"dagbag.py","lineno":593}
{"timestamp":"2026-08-01T13:26:08.788374Z","level":"info","event":"Filling up the DagBag from /opt/airflow/dags/4_parallel_tasks_dag.py","logger":"airflow.models.dagbag.DagBag","filename":"dagbag.py","lineno":593}
{"timestamp":"2026-08-01T13:26:39.152573Z","level":"info","event":"Filling up the DagBag from /opt/airflow/dags/4_parallel_tasks_dag.py","logger":"airflow.models.dagbag.DagBag","filename":"dagbag.py","lineno":593}
{"timestamp":"2026-08-01T13:27:09.835666Z","level":"info","event":"Filling up the DagBag from /opt/airflow/dags/4_parallel_tasks_dag.py","logger":"airflow.models.dagbag.DagBag","filename":"dagbag.py","lineno":593}
{"timestamp":"2026-08-01T13:27:40.771878Z","level":"info","event":"Filling up the DagBag from /opt/airflow/dags/4_parallel_tasks_dag.py","logger":"airflow.models.dagbag.DagBag","filename":"dagbag.py","lineno":593}
{"timestamp":"2026-08-01T13:28:11.312999Z","level":"info","event":"Filling up the DagBag from /opt/airflow/dags/4_parallel_tasks_dag.py","logger":"airflow.models.dagbag.DagBag","filename":"dagbag.py","lineno":593}
{"timestamp":"2026-08-01T13:28:42.113023Z","level":"info","event":"Filling up the DagBag from /opt/airflow/dags/4_parallel_tasks_dag.py","logger":"airflow.models.dagbag.DagBag","filename":"dagbag.py","lineno":593}
{"timestamp":"2026-08-01T13:29:13.170057Z","level":"info","event":"Filling up the DagBag from /opt/airflow/dags/4_parallel_tasks_dag.py","logger":"airflow.models.dagbag.DagBag","filename":"dagbag.py","lineno":593}
{"timestamp":"2026-08-01T13:29:43.508941Z","level":"info","event":"Filling up the DagBag from /opt/airflow/dags/4_parallel_tasks_dag.py","logger":"airflow.models.dagbag.DagBag","filename":"dagbag.py","lineno":593}
{"timestamp":"2026-08-01T13:30:13.940680Z","level":"info","event":"Filling up the DagBag from /opt/airflow/dags/4_parallel_tasks_dag.py","logger":"airflow.models.dagbag.DagBag","filename":"dagbag.py","lineno":593}
{"timestamp":"2026-08-01T13:30:44.244224Z","level":"info","event":"Filling up the DagBag from /opt/airflow/dags/4_parallel_tasks_dag.py","logger":"airflow.models.dagbag.DagBag","filename":"dagbag.py","lineno":593}
{"timestamp":"2026-08-01T13:31:15.377486Z","level":"info","event":"Filling up the DagBag from /opt/airflow/dags/4_parallel_tasks_dag.py","logger":"airflow.models.dagbag.DagBag","filename":"dagbag.py","lineno":593}
{"timestamp":"2026-08-01T13:31:46.171220Z","level":"info","event":"Filling up the DagBag from /opt/airflow/dags/4_parallel_tasks_dag.py","logger":"airflow.models.dagbag.DagBag","filename":"dagbag.py","lineno":593}
{"timestamp":"2026-08-01T13:32:16.621732Z","level":"info","event":"Filling up the DagBag from /opt/airflow/dags/4_parallel_tasks_dag.py","logger":"airflow.models.dagbag.DagBag","filename":"dagbag.py","lineno":593}
{"timestamp":"2026-08-01T13:32:47.501635Z","level":"info","event":"Filling up the DagBag from /opt/airflow/dags/4_parallel_tasks_dag.py","logger":"airflow.models.dagbag.DagBag","filename":"dagbag.py","lineno":593}
{"timestamp":"2026-08-01T13:33:17.929153Z","level":"info","event":"Filling up the DagBag from /opt/airflow/dags/4_parallel_tasks_dag.py","logger":"airflow.models.dagbag.DagBag","filename":"dagbag.py","lineno":593}
{"timestamp":"2026-08-01T13:33:48.498485Z","level":"info","event":"Filling up the DagBag from /opt/airflow/dags/4_parallel_tasks_dag.py","logger":"airflow.models.dagbag.DagBag","filename":"dagbag.py","lineno":593}
{"timestamp":"2026-08-01T13:34:19.091951Z","level":"info","event":"Filling up the DagBag from /opt/airflow/dags/4_parallel_tasks_dag.py","logger":"airflow.models.dagbag.DagBag","filename":"dagbag.py","lineno":593}
{"timestamp":"2026-08-01T13:34:49.997337Z","level":"info","event":"Filling up the DagBag from /opt/airflow/dags/4_parallel_tasks_dag.py","logger":"airflow.models.dagbag.DagBag","filename":"dagbag.py","lineno":593}
{"timestamp":"2026-08-01T13:35:20.412704Z","level":"info","event":"Filling up the DagBag from /opt/airflow/dags/4_parallel_tasks_dag.py","logger":"airflow.models.dagbag.DagBag","filename":"dagbag.py","lineno":593}
{"timestamp":"2026-08-01T13:35:50.600119Z","level":"info","event":"Filling up the DagBag from /opt/airflow/dags/4_parallel_tasks_dag.py","logger":"airflow.models.dagbag.DagBag","filename":"dagbag.py","lineno":593}
{"timestamp":"2026-08-01T13:36:20.777951Z","level":"info","event":"Filling up the DagBag from /opt/airflow/dags/4_parallel_tasks_dag.py","logger":"airflow.models.dagbag.DagBag","filename":"dagbag.py","lineno":593}
{"timestamp":"2026-08-01T13:36:50.921233Z","level":"info","event":"Filling up the DagBag from /opt/airflow/dags/4_parallel_tasks_dag.py","logger":"airflow.models.dagbag.DagBag","filename":"dagbag.py","lineno":593}
{"timestamp":"2026-08-01T13:37:21.251115Z","level":"info","event":"Filling up the DagBag from /opt/airflow/dags/4_parallel_tasks_dag.py","logger":"airflow.models.dagbag.DagBag","filename":"dagbag.py","lineno":593}
{"timestamp":"2026-08-01T13:37:51.380592Z","level":"info","event":"Filling up the DagBag from /opt/airflow/dags/4_parallel_tasks_dag.py","logger":"airflow.models.dagbag.DagBag","filename":"dagbag.py","lineno":593}
{"timestamp":"2026-08-01T13:38:21.735599Z","level":"info","event":"Filling up the DagBag from /opt/airflow/dags/4_parallel_tasks_dag.py","logger":"airflow.models.dagbag.DagBag","filename":"dagbag.py","lineno":593}
{"timestamp":"2026-08-01T13:38:52.033200Z","level":"info","event":"Filling up the DagBag from /opt/airflow/dags/4_parallel_tasks_dag.py","logger":"airflow.models.dagbag.DagBag","filename":"dagbag.py","lineno":593}
{"timestamp":"2026-08-01T13:39:22.711275Z","level":"info","event":"Filling up the DagBag from /opt/airflow/dags/4_parallel_tasks_dag.py","logger":"airflow.models.dagbag.DagBag","filename":"dagbag.py","lineno":593}
{"timestamp":"2026-08-01T13:39:53.308143Z","level":"info","event":"Filling up the DagBag from /opt/airflow/dags/4_parallel_tasks_dag.py","logger":"airflow.models.dagbag.DagBag","filename":"dagbag.py","lineno":593}
{"timestamp":"2026-08-01T13:40:23.816138Z","level":"info","event":"Filling up the DagBag from /opt/airflow/dags/4_parallel_tasks_dag.py","logger":"airflow.models.dagbag.DagBag","filename":"dagbag.py","lineno":593}
{"timestamp":"2026-08-01T13:40:54.350046Z","level":"info","event":"Filling up the DagBag from /opt/airflow/dags/4_parallel_tasks_dag.py","logger":"airflow.models.dagbag.DagBag","filename":"dagbag.py","lineno":593}
{"timestamp":"2026-08-01T13:41:24.671092Z","level":"info","event":"Filling up the DagBag from /opt/airflow/dags/4_parallel_tasks_dag.py","logger":"airflow.models.dagbag.DagBag","filename":"dagbag.py","lineno":593}
{"timestamp":"2026-08-01T13:41:55.386185Z","level":"info","event":"Filling up the DagBag from /opt/airflow/dags/4_parallel_tasks_dag.py","logger":"airflow.models.dagbag.DagBag","filename":"dagbag.py","lineno":593}
{"timestamp":"2026-08-01T13:42:26.390014Z","level":"info","event":"Filling up the DagBag from /opt/airflow/dags/4_parallel_tasks_dag.py","logger":"airflow.models.dagbag.DagBag","filename":"dagbag.py","lineno":593}
{"timestamp":"2026-08-01T13:42:56.546980Z","level":"info","event":"Filling up the DagBag from /opt/airflow/dags/4_parallel_tasks_dag.py","logger":"airflow.models.dagbag.DagBag","filename":"dagbag.py","lineno":593}
{"timestamp":"2026-08-01T13:43:26.873189Z","level":"info","event":"Filling up the DagBag from /opt/airflow/dags/4_parallel_tasks_dag.py","logger":"airflow.models.dagbag.DagBag","filename":"dagbag.py","lineno":593}
{"timestamp":"2026-08-01T13:43:57.044373Z","level":"info","event":"Filling up the DagBag from /opt/airflow/dags/4_parallel_tasks_dag.py","logger":"airflow.models.dagbag.DagBag","filename":"dagbag.py","lineno":593}
{"timestamp":"2026-08-01T13:44:27.373681Z","level":"info","event":"Filling up the DagBag from /opt/airflow/dags/4_parallel_tasks_dag.py","logger":"airflow.models.dagbag.DagBag","filename":"dagbag.py","lineno":593}
{"timestamp":"2026-08-01T13:44:57.755145Z","level":"info","event":"Filling up the DagBag from /opt/airflow/dags/4_parallel_tasks_dag.py","logger":"airflow.models.dagbag.DagBag","filename":"dagbag.py","lineno":593}
{"timestamp":"2026-08-01T13:45:28.691874Z","level":"info","event":"Filling up the DagBag from /opt/airflow/dags/4_parallel_tasks_dag.py","logger":"airflow.models.dagbag.DagBag","filename":"dagbag.py","lineno":593}
{"timestamp":"2026-08-01T13:45:59.279914Z","level":"info","event":"Filling up the DagBag from /opt/airflow/dags/4_parallel_tasks_dag.py","logger":"airflow.models.dagbag.DagBag","filename":"dagbag.py","lineno":593}
{"timestamp":"2026-08-01T13:46:29.549483Z","level":"info","event":"Filling up the DagBag from /opt/airflow/dags/4_parallel_tasks_dag.py","logger":"airflow.models.dagbag.DagBag","filename":"dagbag.py","lineno":593}
{"timestamp":"2026-08-01T13:46:59.769810Z","level":"info","event":"Filling up the DagBag from /opt/airflow/dags/4_parallel_tasks_dag.py","logger":"airflow.models.dagbag.DagBag","filename":"dagbag.py","lineno":593}
{"timestamp":"2026-08-01T13:47:29.965957Z","level":"info","event":"Filling up the DagBag from /opt/airflow/dags/4_parallel_tasks_dag.py","logger":"airflow.models.dagbag.DagBag","filename":"dagbag.py","lineno":593}
{"timestamp":"2026-08-01T13:48:00.353845Z","level":"info","event":"Filling up the DagBag from /opt/airflow/dags/4_parallel_tasks_dag.py","logger":"airflow.models.dagbag.DagBag","filename":"dagbag.py","lineno":593}
{"timestamp":"2026-08-01T13:48:30.809069Z","level":"info","event":"Filling up the DagBag from /opt/airflow/dags/4_parallel_tasks_dag.py","logger":"airflow.models.dagbag.DagBag","filename":"dagbag.py","lineno":593}
{"timestamp":"2026-08-01T13:49:01.937741Z","level":"info","event":"Filling up the DagBag from /opt/airflow/dags/4_parallel_tasks_dag.py","logger":"airflow.models.dagbag.DagBag","filename":"dagbag.py","lineno":593}
{"timestamp":"2026-08-01T13:49:32.498007Z","level":"info","event":"Filling up the DagBag from /opt/airflow/dags/4_parallel_tasks_dag.py","logger":"airflow.models.dagbag.DagBag","filename":"dagbag.py","lineno":593}
{"timestamp":"2026-08-01T13:50:02.737264Z","level":"info","event":"Filling up the DagBag from /opt/airflow/dags/4_parallel_tasks_dag.py","logger":"airflow.models.dagbag.DagBag","filename":"dagbag.py","lineno":593}
{"timestamp":"2026-08-01T13:50:33.126572Z","level":"info","event":"Filling up the DagBag from /opt/airflow/dags/4_parallel_tasks_dag.py","logger":"airflow.models.dagbag.DagBag","filename":"dagbag.py","lineno":593}
{"timestamp":"2026-08-01T13:51:03.334983Z","level":"info","event":"Filling up the DagBag from /opt/airflow/dags/4_parallel_tasks_dag.py","logger":"airflow.models.dagbag.DagBag","filename":"dagbag.py","lineno":593}
{"timestamp":"2026-08-01T13:51:33.524169Z","level":"info","event":"Filling up the DagBag from /opt/airflow/dags/4_parallel_tasks_dag.py","logger":"airflow.models.dagbag.DagBag","filename":"dagbag.py","lineno":593}
{"timestamp":"2026-08-01T13:52:03.809871Z","level":"info","event":"Filling up the DagBag from /opt/airflow/dags/4_parallel_tasks_dag.py","logger":"airflow.models.dagbag.DagBag","filename":"dagbag.py","lineno":593}
{"timestamp":"2026-08-01T13:52:34.027985Z","level":"info","event":"Filling up the DagBag from /opt/airflow/dags/4_parallel_tasks_dag.py","logger":"airflow.models.dagbag.DagBag","filename":"dagbag.py","lineno":593}
{"timestamp":"2026-08-01T13:53:04.358632Z","level":"info","event":"Filling up the DagBag from /opt/airflow/dags/4_parallel_tasks_dag.py","logger":"airflow.models.dagbag.DagBag","filename":"dagbag.py","lineno":593}
{"timestamp":"2026-08-01T13:53:35.159912Z","level":"info","event":"Filling up the DagBag from /opt/airflow/dags/4_parallel_tasks_dag.py","logger":"airflow.models.dagbag.DagBag","filename":"dagbag.py","lineno":593}
{"timestamp":"2026-08-01T13:54:05.866751Z","level":"info","event":"Filling up the DagBag from /opt/airflow/dags/4_parallel_tasks_dag.py","logger":"airflow.models.dagbag.DagBag","filename":"dagbag.py","lineno":593}
{"timestamp":"2026-08-01T13:54:36.638676Z","level":"info","event":"Filling up the DagBag from /opt/airflow/dags/4_parallel_tasks_dag.py","logger":"airflow.models.dagbag.DagBag","filename":"dagbag.py","lineno":593}
{"timestamp":"2026-08-01T13:55:07.822656Z","level":"info","event":"Filling up the DagBag from /opt/airflow/dags/4_parallel_tasks_dag.py","logger":"airflow.models.dagbag.DagBag","filename":"dagbag.py","lineno":593}
{"timestamp":"2026-08-01T14:02:33.895924Z","level":"info","event":"Filling up the DagBag from /opt/airflow/dags/4_parallel_tasks_dag.py","logger":"airflow.models.dagbag.DagBag","filename":"dagbag.py","lineno":593}
{"timestamp":"2026-08-01T14:03:04.806577Z","level":"info","event":"Filling up the DagBag from /opt/airflow/dags/4_parallel_tasks_dag.py","logger":"airflow.models.dagbag.DagBag","filename":"dagbag.py","lineno":593}
{"timestamp":"2026-08-01T14:03:35.772998Z","level":"info","event":"Filling up the DagBag from /opt/airflow/dags/4_parallel_tasks_dag.py","logger":"airflow.models.dagbag.DagBag","filename":"dagbag.py","lineno":593}
{"timestamp":"2026-08-01T14:04:06.893970Z","level":"info","event":"Filling up the DagBag from /opt/airflow/dags/4_parallel_tasks_dag.py","logger":"airflow.models.dagbag.DagBag","filename":"dagbag.py","lineno":593}
{"timestamp":"2026-08-01T14:04:37.764138Z","level":"info","event":"Filling up the DagBag from /opt/airflow/dags/4_parallel_tasks_dag.py","logger":"airflow.models.dagbag.DagBag","filename":"dagbag.py","lineno":593}
{"timestamp":"2026-08-01T14:05:08.602841Z","level":"info","event":"Filling up the DagBag from /opt/airflow/dags/4_parallel_tasks_dag.py","logger":"airflow.models.dagbag.DagBag","filename":"dagbag.py","lineno":593}
{"timestamp":"2026-08-01T14:05:39.442989Z","level":"info","event":"Filling up the DagBag from /opt/airflow/dags/4_parallel_tasks_dag.py","logger":"airflow.models.dagbag.DagBag","filename":"dagbag.py","lineno":593}
{"timestamp":"2026-08-01T14:06:09.833612Z","level":"info","event":"Filling up the DagBag from /opt/airflow/dags/4_parallel_tasks_dag.py","logger":"airflow.models.dagbag.DagBag","filename":"dagbag.py","lineno":593}
{"timestamp":"2026-08-01T14:06:40.972371Z","level":"info","event":"Filling up the DagBag from /opt/airflow/dags/4_parallel_tasks_dag.py","logger":"airflow.models.dagbag.DagBag","filename":"dagbag.py","lineno":593}
{"timestamp":"2026-08-01T14:07:11.460158Z","level":"info","event":"Filling up the DagBag from /opt/airflow/dags/4_parallel_tasks_dag.py","logger":"airflow.models.dagbag.DagBag","filename":"dagbag.py","lineno":593}
{"timestamp":"2026-08-01T14:07:42.135672Z","level":"info","event":"Filling up the DagBag from /opt/airflow/dags/4_parallel_tasks_dag.py","logger":"airflow.models.dagbag.DagBag","filename":"dagbag.py","lineno":593}
{"timestamp":"2026-08-01T14:08:12.454755Z","level":"info","event":"Filling up the DagBag from /opt/airflow/dags/4_parallel_tasks_dag.py","logger":"airflow.models.dagbag.DagBag","filename":"dagbag.py","lineno":593}
{"timestamp":"2026-08-01T14:08:42.676991Z","level":"info","event":"Filling up the DagBag from /opt/airflow/dags/4_parallel_tasks_dag.py","logger":"airflow.models.dagbag.DagBag","filename":"dagbag.py","lineno":593}
{"timestamp":"2026-08-01T14:09:13.230006Z","level":"info","event":"Filling up the DagBag from /opt/airflow/dags/4_parallel_tasks_dag.py","logger":"airflow.models.dagbag.DagBag","filename":"dagbag.py","lineno":593}
{"timestamp":"2026-08-01T14:09:43.445808Z","level":"info","event":"Filling up the DagBag from /opt/airflow/dags/4_parallel_tasks_dag.py","logger":"airflow.models.dagbag.DagBag","filename":"dagbag.py","lineno":593}
{"timestamp":"2026-08-01T14:10:13.949147Z","level":"info","event":"Filling up the DagBag from /opt/airflow/dags/4_parallel_tasks_dag.py","logger":"airflow.models.dagbag.DagBag","filename":"dagbag.py","lineno":593}
{"timestamp":"2026-08-01T18:14:44.747074Z","level":"info","event":"Filling up the DagBag from /opt/airflow/dags/4_parallel_tasks_dag.py","logger":"airflow.models.dagbag.DagBag","filename":"dagbag.py","lineno":593}
{"timestamp":"2026-08-01T18:15:19.640987Z","level":"info","event":"Filling up the DagBag from /opt/airflow/dags/4_parallel_tasks_dag.py","logger":"airflow.models.dagbag.DagBag","filename":"dagbag.py","lineno":593}
{"timestamp":"2026-08-01T18:15:50.632379Z","level":"info","event":"Filling up the DagBag from /opt/airflow/dags/4_parallel_tasks_dag.py","logger":"airflow.models.dagbag.DagBag","filename":"dagbag.py","lineno":593}
{"timestamp":"2026-08-01T18:16:21.718680Z","level":"info","event":"Filling up the DagBag from /opt/airflow/dags/4_parallel_tasks_dag.py","logger":"airflow.models.dagbag.DagBag","filename":"dagbag.py","lineno":593}
{"timestamp":"2026-08-01T18:16:52.312375Z","level":"info","event":"Filling up the DagBag from /opt/airflow/dags/4_parallel_tasks_dag.py","logger":"airflow.models.dagbag.DagBag","filename":"dagbag.py","lineno":593}
{"timestamp":"2026-08-01T18:17:22.475847Z","level":"info","event":"Filling up the DagBag from /opt/airflow/dags/4_parallel_tasks_dag.py","logger":"airflow.models.dagbag.DagBag","filename":"dagbag.py","lineno":593}
{"timestamp":"2026-08-01T18:17:52.723869Z","level":"info","event":"Filling up the DagBag from /opt/airflow/dags/4_parallel_tasks_dag.py","logger":"airflow.models.dagbag.DagBag","filename":"dagbag.py","lineno":593}
{"timestamp":"2026-08-01T18:18:23.039887Z","level":"info","event":"Filling up the DagBag from /opt/airflow/dags/4_parallel_tasks_dag.py","logger":"airflow.models.dagbag.DagBag","filename":"dagbag.py","lineno":593}
{"timestamp":"2026-08-01T18:18:53.161976Z","level":"info","event":"Filling up the DagBag from /opt/airflow/dags/4_parallel_tasks_dag.py","logger":"airflow.models.dagbag.DagBag","filename":"dagbag.py","lineno":593}
{"timestamp":"2026-08-01T18:19:23.428823Z","level":"info","event":"Filling up the DagBag from /opt/airflow/dags/4_parallel_tasks_dag.py","logger":"airflow.models.dagbag.DagBag","filename":"dagbag.py","lineno":593}
{"timestamp":"2026-08-01T18:19:53.714144Z","level":"info","event":"Filling up the DagBag from /opt/airflow/dags/4_parallel_tasks_dag.py","logger":"airflow.models.dagbag.DagBag","filename":"dagbag.py","lineno":593}
{"timestamp":"2026-08-01T18:20:24.225188Z","level":"info","event":"Filling up the DagBag from /opt/airflow/dags/4_parallel_tasks_dag.py","logger":"airflow.models.dagbag.DagBag","filename":"dagbag.py","lineno":593}
{"timestamp":"2026-08-01T18:20:54.413449Z","level":"info","event":"Filling up the DagBag from /opt/airflow/dags/4_parallel_tasks_dag.py","logger":"airflow.models.dagbag.DagBag","filename":"dagbag.py","lineno":593}
{"timestamp":"2026-08-01T18:21:24.804775Z","level":"info","event":"Filling up the DagBag from /opt/airflow/dags/4_parallel_tasks_dag.py","logger":"airflow.models.dagbag.DagBag","filename":"dagbag.py","lineno":593}
{"timestamp":"2026-08-01T18:21:55.003809Z","level":"info","event":"Filling up the DagBag from /opt/airflow/dags/4_parallel_tasks_dag.py","logger":"airflow.models.dagbag.DagBag","filename":"dagbag.py","lineno":593}
{"timestamp":"2026-08-01T18:22:25.291248Z","level":"info","event":"Filling up the DagBag from /opt/airflow/dags/4_parallel_tasks_dag.py","logger":"airflow.models.dagbag.DagBag","filename":"dagbag.py","lineno":593}
{"timestamp":"2026-08-01T18:22:55.461097Z","level":"info","event":"Filling up the DagBag from /opt/airflow/dags/4_parallel_tasks_dag.py","logger":"airflow.models.dagbag.DagBag","filename":"dagbag.py","lineno":593}
{"timestamp":"2026-08-01T18:23:25.681457Z","level":"info","event":"Filling up the DagBag from /opt/airflow/dags/4_parallel_tasks_dag.py","logger":"airflow.models.dagbag.DagBag","filename":"dagbag.py","lineno":593}
{"timestamp":"2026-08-01T18:23:55.928784Z","level":"info","event":"Filling up the DagBag from /opt/airflow/dags/4_parallel_tasks_dag.py","logger":"airflow.models.dagbag.DagBag","filename":"dagbag.py","lineno":593}
{"timestamp":"2026-08-01T18:24:26.163805Z","level":"info","event":"Filling up the DagBag from /opt/airflow/dags/4_parallel_tasks_dag.py","logger":"airflow.models.dagbag.DagBag","filename":"dagbag.py","lineno":593}
{"timestamp":"2026-08-01T18:24:56.445814Z","level":"info","event":"Filling up the DagBag from /opt/airflow/dags/4_parallel_tasks_dag.py","logger":"airflow.models.dagbag.DagBag","filename":"dagbag.py","lineno":593}
{"timestamp":"2026-08-01T18:25:26.700840Z","level":"info","event":"Filling up the DagBag from /opt/airflow/dags/4_parallel_tasks_dag.py","logger":"airflow.models.dagbag.DagBag","filename":"dagbag.py","lineno":593}
{"timestamp":"2026-08-01T18:25:56.886178Z","level":"info","event":"Filling up the DagBag from /opt/airflow/dags/4_parallel_tasks_dag.py","logger":"airflow.models.dagbag.DagBag","filename":"dagbag.py","lineno":593}
{"timestamp":"2026-08-01T18:26:27.058189Z","level":"info","event":"Filling up the DagBag from /opt/airflow/dags/4_parallel_tasks_dag.py","logger":"airflow.models.dagbag.DagBag","filename":"dagbag.py","lineno":593}
{"timestamp":"2026-08-01T18:26:57.874306Z","level":"info","event":"Filling up the DagBag from /opt/airflow/dags/4_parallel_tasks_dag.py","logger":"airflow.models.dagbag.DagBag","filename":"dagbag.py","lineno":593}
{"timestamp":"2026-08-01T18:27:28.479814Z","level":"info","event":"Filling up the DagBag from /opt/airflow/dags/4_parallel_tasks_dag.py","logger":"airflow.models.dagbag.DagBag","filename":"dagbag.py","lineno":593}
{"timestamp":"2026-08-01T18:27:58.723549Z","level":"info","event":"Filling up the DagBag from /opt/airflow/dags/4_parallel_tasks_dag.py","logger":"airflow.models.dagbag.DagBag","filename":"dagbag.py","lineno":593}
{"timestamp":"2026-08-01T18:28:28.949658Z","level":"info","event":"Filling up the DagBag from /opt/airflow/dags/4_parallel_tasks_dag.py","logger":"airflow.models.dagbag.DagBag","filename":"dagbag.py","lineno":593}
{"timestamp":"2026-08-01T18:28:59.191211Z","level":"info","event":"Filling up the DagBag from /opt/airflow/dags/4_parallel_tasks_dag.py","logger":"airflow.models.dagbag.DagBag","filename":"dagbag.py","lineno":593}
{"timestamp":"2026-08-01T18:29:29.327199Z","level":"info","event":"Filling up the DagBag from /opt/airflow/dags/4_parallel_tasks_dag.py","logger":"airflow.models.dagbag.DagBag","filename":"dagbag.py","lineno":593}
{"timestamp":"2026-08-01T18:29:59.754141Z","level":"info","event":"Filling up the DagBag from /opt/airflow/dags/4_parallel_tasks_dag.py","logger":"airflow.models.dagbag.DagBag","filename":"dagbag.py","lineno":593}
{"timestamp":"2026-08-01T18:30:30.018659Z","level":"info","event":"Filling up the DagBag from /opt/airflow/dags/4_parallel_tasks_dag.py","logger":"airflow.models.dagbag.DagBag","filename":"dagbag.py","lineno":593}
{"timestamp":"2026-08-01T18:31:00.141989Z","level":"info","event":"Filling up the DagBag from /opt/airflow/dags/4_parallel_tasks_dag.py","logger":"airflow.models.dagbag.DagBag","filename":"dagbag.py","lineno":593}
{"timestamp":"2026-08-01T18:31:30.717000Z","level":"info","event":"Filling up the DagBag from /opt/airflow/dags/4_parallel_tasks_dag.py","logger":"airflow.models.dagbag.DagBag","filename":"dagbag.py","lineno":593}
{"timestamp":"2026-08-01T18:32:00.962647Z","level":"info","event":"Filling up the DagBag from /opt/airflow/dags/4_parallel_tasks_dag.py","logger":"airflow.models.dagbag.DagBag","filename":"dagbag.py","lineno":593}
{"timestamp":"2026-08-01T18:32:31.286873Z","level":"info","event":"Filling up the DagBag from /opt/airflow/dags/4_parallel_tasks_dag.py","logger":"airflow.models.dagbag.DagBag","filename":"dagbag.py","lineno":593}
{"timestamp":"2026-08-01T18:33:01.557641Z","level":"info","event":"Filling up the DagBag from /opt/airflow/dags/4_parallel_tasks_dag.py","logger":"airflow.models.dagbag.DagBag","filename":"dagbag.py","lineno":593}
{"timestamp":"2026-08-01T18:33:31.904792Z","level":"info","event":"Filling up the DagBag from /opt/airflow/dags/4_parallel_tasks_dag.py","logger":"airflow.models.dagbag.DagBag","filename":"dagbag.py","lineno":593}
{"timestamp":"2026-08-01T18:34:02.301332Z","level":"info","event":"Filling up the DagBag from /opt/airflow/dags/4_parallel_tasks_dag.py","logger":"airflow.models.dagbag.DagBag","filename":"dagbag.py","lineno":593}
{"timestamp":"2026-08-01T18:34:33.290983Z","level":"info","event":"Filling up the DagBag from /opt/airflow/dags/4_parallel_tasks_dag.py","logger":"airflow.models.dagbag.DagBag","filename":"dagbag.py","lineno":593}
{"timestamp":"2026-08-01T18:35:03.605241Z","level":"info","event":"Filling up the DagBag from /opt/airflow/dags/4_parallel_tasks_dag.py","logger":"airflow.models.dagbag.DagBag","filename":"dagbag.py","lineno":593}
{"timestamp":"2026-08-01T18:35:34.096981Z","level":"info","event":"Filling up the DagBag from /opt/airflow/dags/4_parallel_tasks_dag.py","logger":"airflow.models.dagbag.DagBag","filename":"dagbag.py","lineno":593}
{"timestamp":"2026-08-01T18:36:04.331563Z","level":"info","event":"Filling up the DagBag from /opt/airflow/dags/4_parallel_tasks_dag.py","logger":"airflow.models.dagbag.DagBag","filename":"dagbag.py","lineno":593}
{"timestamp":"2026-08-01T18:36:35.541192Z","level":"info","event":"Filling up the DagBag from /opt/airflow/dags/4_parallel_tasks_dag.py","logger":"airflow.models.dagbag.DagBag","filename":"dagbag.py","lineno":593}
{"timestamp":"2026-08-01T18:37:06.987541Z","level":"info","event":"Filling up the DagBag from /opt/airflow/dags/4_parallel_tasks_dag.py","logger":"airflow.models.dagbag.DagBag","filename":"dagbag.py","lineno":593}
{"timestamp":"2026-08-01T18:37:37.552152Z","level":"info","event":"Filling up the DagBag from /opt/airflow/dags/4_parallel_tasks_dag.py","logger":"airflow.models.dagbag.DagBag","filename":"dagbag.py","lineno":593}
{"timestamp":"2026-08-01T18:38:08.249517Z","level":"info","event":"Filling up the DagBag from /opt/airflow/dags/4_parallel_tasks_dag.py","logger":"airflow.models.dagbag.DagBag","filename":"dagbag.py","lineno":593}
{"timestamp":"2026-08-01T18:38:38.945850Z","level":"info","event":"Filling up the DagBag from /opt/airflow/dags/4_parallel_tasks_dag.py","logger":"airflow.models.dagbag.DagBag","filename":"dagbag.py","lineno":593}
{"timestamp":"2026-08-01T18:39:09.663212Z","level":"info","event":"Filling up the DagBag from /opt/airflow/dags/4_parallel_tasks_dag.py","logger":"airflow.models.dagbag.DagBag","filename":"dagbag.py","lineno":593}
{"timestamp":"2026-08-01T18:39:41.197583Z","level":"info","event":"Filling up the DagBag from /opt/airflow/dags/4_parallel_tasks_dag.py","logger":"airflow.models.dagbag.DagBag","filename":"dagbag.py","lineno":593}
{"timestamp":"2026-08-01T18:40:11.685364Z","level":"info","event":"Filling up the DagBag from /opt/airflow/dags/4_parallel_tasks_dag.py","logger":"airflow.models.dagbag.DagBag","filename":"dagbag.py","lineno":593}
{"timestamp":"2026-08-01T18:40:42.610422Z","level":"info","event":"Filling up the DagBag from /opt/airflow/dags/4_parallel_tasks_dag.py","logger":"airflow.models.dagbag.DagBag","filename":"dagbag.py","lineno":593}
{"timestamp":"2026-08-01T18:41:16.867591Z","level":"info","event":"Filling up the DagBag from /opt/airflow/dags/4_parallel_tasks_dag.py","logger":"airflow.models.dagbag.DagBag","filename":"dagbag.py","lineno":593}
{"timestamp":"2026-08-01T18:41:48.242808Z","level":"info","event":"Filling up the DagBag from /opt/airflow/dags/4_parallel_tasks_dag.py","logger":"airflow.models.dagbag.DagBag","filename":"dagbag.py","lineno":593}
{"timestamp":"2026-08-01T18:42:20.447288Z","level":"info","event":"Filling up the DagBag from /opt/airflow/dags/4_parallel_tasks_dag.py","logger":"airflow.models.dagbag.DagBag","filename":"dagbag.py","lineno":593}
{"timestamp":"2026-08-01T18:42:51.611836Z","level":"info","event":"Filling up the DagBag from /opt/airflow/dags/4_parallel_tasks_dag.py","logger":"airflow.models.dagbag.DagBag","filename":"dagbag.py","lineno":593}
{"timestamp":"2026-08-01T18:43:22.429104Z","level":"info","event":"Filling up the DagBag from /opt/airflow/dags/4_parallel_tasks_dag.py","logger":"airflow.models.dagbag.DagBag","filename":"dagbag.py","lineno":593}
{"timestamp":"2026-08-01T18:43:53.143175Z","level":"info","event":"Filling up the DagBag from /opt/airflow/dags/4_parallel_tasks_dag.py","logger":"airflow.models.dagbag.DagBag","filename":"dagbag.py","lineno":593}
{"timestamp":"2026-08-01T18:44:24.058531Z","level":"info","event":"Filling up the DagBag from /opt/airflow/dags/4_parallel_tasks_dag.py","logger":"airflow.models.dagbag.DagBag","filename":"dagbag.py","lineno":593}
{"timestamp":"2026-08-01T18:44:54.373240Z","level":"info","event":"Filling up the DagBag from /opt/airflow/dags/4_parallel_tasks_dag.py","logger":"airflow.models.dagbag.DagBag","filename":"dagbag.py","lineno":593}
{"timestamp":"2026-08-01T18:45:24.646191Z","level":"info","event":"Filling up the DagBag from /opt/airflow/dags/4_parallel_tasks_dag.py","logger":"airflow.models.dagbag.DagBag","filename":"dagbag.py","lineno":593}
{"timestamp":"2026-08-01T18:45:55.301404Z","level":"info","event":"Filling up the DagBag from /opt/airflow/dags/4_parallel_tasks_dag.py","logger":"airflow.models.dagbag.DagBag","filename":"dagbag.py","lineno":593}
{"timestamp":"2026-08-01T18:46:26.295277Z","level":"info","event":"Filling up the DagBag from /opt/airflow/dags/4_parallel_tasks_dag.py","logger":"airflow.models.dagbag.DagBag","filename":"dagbag.py","lineno":593}
{"timestamp":"2026-08-01T18:46:57.236369Z","level":"info","event":"Filling up the DagBag from /opt/airflow/dags/4_parallel_tasks_dag.py","logger":"airflow.models.dagbag.DagBag","filename":"dagbag.py","lineno":593}
{"timestamp":"2026-08-01T18:47:27.933362Z","level":"info","event":"Filling up the DagBag from /opt/airflow/dags/4_parallel_tasks_dag.py","logger":"airflow.models.dagbag.DagBag","filename":"dagbag.py","lineno":593}
{"timestamp":"2026-08-01T18:47:58.258408Z","level":"info","event":"Filling up the DagBag from /opt/airflow/dags/4_parallel_tasks_dag.py","logger":"airflow.models.dagbag.DagBag","filename":"dagbag.py","lineno":593}
{"timestamp":"2026-08-01T18:49:06.301754Z","level":"info","event":"Filling up the DagBag from /opt/airflow/dags/4_parallel_tasks_dag.py","logger":"airflow.models.dagbag.DagBag","filename":"dagbag.py","lineno":593}
{"timestamp":"2026-08-01T18:52:27.287320Z","level":"info","event":"Filling up the DagBag from /opt/airflow/dags/4_parallel_tasks_dag.py","logger":"airflow.models.dagbag.DagBag","filename":"dagbag.py","lineno":593}
{"timestamp":"2026-08-01T18:52:41.061221Z","level":"error","event":"Process timed out, PID: 5377","logger":"airflow.models.dagbag","filename":"dagbag.py","lineno":134}
{"timestamp":"2026-08-01T18:52:41.243327Z","level":"error","event":"Failed to import: /opt/airflow/dags/4_parallel_tasks_dag.py","logger":"airflow.models.dagbag.DagBag","filename":"dagbag.py","lineno":415,"error_detail":[{"exc_type":"AirflowTaskTimeout","exc_value":"DagBag import timeout for /opt/airflow/dags/4_parallel_tasks_dag.py after 10.0s.\nPlease take a look at these docs to improve your DAG import time:\n* https://airflow.apache.org/docs/apache-airflow/3.1.6/best-practices.html#top-level-python-code\n* https://airflow.apache.org/docs/apache-airflow/3.1.6/best-practices.html#reducing-dag-complexity, PID: 5377","exc_notes":[],"syntax_error":null,"is_cause":false,"frames":[{"filename":"/home/airflow/.local/lib/python3.12/site-packages/airflow/models/dagbag.py","lineno":405,"name":"parse"},{"filename":"<frozen importlib._bootstrap_external>","lineno":999,"name":"exec_module"},{"filename":"<frozen importlib._bootstrap>","lineno":488,"name":"_call_with_frames_removed"},{"filename":"/opt/airflow/dags/4_parallel_tasks_dag.py","lineno":54,"name":"<module>"},{"filename":"/home/airflow/.local/lib/python3.12/site-packages/airflow/sdk/definitions/dag.py","lineno":1559,"name":"factory"},{"filename":"/opt/airflow/dags/4_parallel_tasks_dag.py","lineno":46,"name":"parallel_dag"},{"filename":"/home/airflow/.local/lib/python3.12/site-packages/airflow/sdk/bases/decorator.py","lineno":363,"name":"__call__"},{"filename":"/home/airflow/.local/lib/python3.12/site-packages/airflow/sdk/bases/operator.py","lineno":515,"name":"apply_defaults"},{"filename":"/home/airflow/.local/lib/python3.12/site-packages/airflow/sdk/bases/decorator.py","lineno":280,"name":"_hook_apply_defaults"},{"filename":"/usr/python/lib/python3.12/inspect.py","lineno":3348,"name":"signature"},{"filename":"/usr/python/lib/python3.12/inspect.py","lineno":3085,"name":"from_callable"},{"filename":"/usr/python/lib/python3.12/inspect.py","lineno":2597,"name":"_signature_from_callable"},{"filename":"/usr/python/lib/python3.12/inspect.py","lineno":2424,"name":"_signature_from_function"},{"filename":"/usr/python/lib/python3.12/inspect.py","lineno":176,"name":"get_annotations"},{"filename":"/home/airflow/.local/lib/python3.12/site-packages/airflow/models/dagbag.py","lineno":135,"name":"handle_timeout"}],"is_group":false,"exceptions":[]}]}
{"timestamp":"2026-08-01T18:58:09.282622Z","level":"info","event":"Filling up the DagBag from /opt/airflow/dags/4_parallel_tasks_dag.py","logger":"airflow.models.dagbag.DagBag","filename":"dagbag.py","lineno":593}
{"timestamp":"2026-08-01T18:58:27.419422Z","level":"error","event":"Process timed out, PID: 5429","logger":"airflow.models.dagbag","filename":"dagbag.py","lineno":134}
{"timestamp":"2026-08-01T18:58:27.692033Z","level":"error","event":"Failed to import: /opt/airflow/dags/4_parallel_tasks_dag.py","logger":"airflow.models.dagbag.DagBag","filename":"dagbag.py","lineno":415,"error_detail":[{"exc_type":"AirflowTaskTimeout","exc_value":"DagBag import timeout for /opt/airflow/dags/4_parallel_tasks_dag.py after 10.0s.\nPlease take a look at these docs to improve your DAG import time:\n* https://airflow.apache.org/docs/apache-airflow/3.1.6/best-practices.html#top-level-python-code\n* https://airflow.apache.org/docs/apache-airflow/3.1.6/best-practices.html#reducing-dag-complexity, PID: 5429","exc_notes":[],"syntax_error":null,"is_cause":false,"frames":[{"filename":"/home/airflow/.local/lib/python3.12/site-packages/airflow/models/dagbag.py","lineno":405,"name":"parse"},{"filename":"<frozen importlib._bootstrap_external>","lineno":999,"name":"exec_module"},{"filename":"<frozen importlib._bootstrap>","lineno":488,"name":"_call_with_frames_removed"},{"filename":"/opt/airflow/dags/4_parallel_tasks_dag.py","lineno":54,"name":"<module>"},{"filename":"/home/airflow/.local/lib/python3.12/site-packages/airflow/sdk/definitions/dag.py","lineno":1543,"name":"factory"},{"filename":"<attrs generated methods airflow.sdk.definitions.dag.DAG>","lineno":16,"name":"__init__"},{"filename":"/home/airflow/.local/lib/python3.12/site-packages/airflow/sdk/definitions/dag.py","lineno":597,"name":"_default_timetable"},{"filename":"/home/airflow/.local/lib/python3.12/site-packages/airflow/sdk/definitions/dag.py","lineno":115,"name":"_create_timetable"},{"filename":"<frozen importlib._bootstrap>","lineno":1360,"name":"_find_and_load"},{"filename":"<frozen importlib._bootstrap>","lineno":1322,"name":"_find_and_load_unlocked"},{"filename":"<frozen importlib._bootstrap>","lineno":1262,"name":"_find_spec"},{"filename":"<frozen importlib._bootstrap_external>","lineno":1532,"name":"find_spec"},{"filename":"<frozen importlib._bootstrap_external>","lineno":1504,"name":"_get_spec"},{"filename":"<frozen importlib._bootstrap_external>","lineno":1473,"name":"_path_importer_cache"},{"filename":"/home/airflow/.local/lib/python3.12/site-packages/airflow/models/dagbag.py","lineno":135,"name":"handle_timeout"}],"is_group":false,"exceptions":[]}]}
{"timestamp":"2026-08-01T19:05:34.390826Z","level":"info","event":"Filling up the DagBag from /opt/airflow/dags/4_parallel_tasks_dag.py","logger":"airflow.models.dagbag.DagBag","filename":"dagbag.py","lineno":593}
{"timestamp":"2026-08-01T20:20:40.939162Z","level":"info","event":"Filling up the DagBag from /opt/airflow/dags/4_parallel_tasks_dag.py","logger":"airflow.models.dagbag.DagBag","filename":"dagbag.py","lineno":593}
{"timestamp":"2026-08-01T20:26:58.608144Z","level":"error","event":"Process timed out, PID: 5747","logger":"airflow.models.dagbag","filename":"dagbag.py","lineno":134}
{"timestamp":"2026-08-01T20:26:59.791278Z","level":"error","event":"Failed to import: /opt/airflow/dags/4_parallel_tasks_dag.py","logger":"airflow.models.dagbag.DagBag","filename":"dagbag.py","lineno":415,"error_detail":[{"exc_type":"AirflowTaskTimeout","exc_value":"DagBag import timeout for /opt/airflow/dags/4_parallel_tasks_dag.py after 10.0s.\nPlease take a look at these docs to improve your DAG import time:\n* https://airflow.apache.org/docs/apache-airflow/3.1.6/best-practices.html#top-level-python-code\n* https://airflow.apache.org/docs/apache-airflow/3.1.6/best-practices.html#reducing-dag-complexity, PID: 5747","exc_notes":[],"syntax_error":null,"is_cause":false,"frames":[{"filename":"/home/airflow/.local/lib/python3.12/site-packages/airflow/models/dagbag.py","lineno":405,"name":"parse"},{"filename":"<frozen importlib._bootstrap_external>","lineno":999,"name":"exec_module"},{"filename":"<frozen importlib._bootstrap>","lineno":488,"name":"_call_with_frames_removed"},{"filename":"/opt/airflow/dags/4_parallel_tasks_dag.py","lineno":1,"name":"<module>"},{"filename":"<frozen importlib._bootstrap>","lineno":1412,"name":"_handle_fromlist"},{"filename":"/home/airflow/.local/lib/python3.12/site-packages/airflow/sdk/__init__.py","lineno":134,"name":"__getattr__"},{"filename":"/usr/python/lib/python3.12/importlib/__init__.py","lineno":90,"name":"import_module"},{"filename":"<frozen importlib._bootstrap>","lineno":1387,"name":"_gcd_import"},{"filename":"<frozen importlib._bootstrap>","lineno":1360,"name":"_find_and_load"},{"filename":"<frozen importlib._bootstrap>","lineno":1322,"name":"_find_and_load_unlocked"},{"filename":"<frozen importlib._bootstrap>","lineno":1262,"name":"_find_spec"},{"filename":"<frozen importlib._bootstrap_external>","lineno":1532,"name":"find_spec"},{"filename":"<frozen importlib._bootstrap_external>","lineno":1506,"name":"_get_spec"},{"filename":"<frozen importlib._bootstrap_external>","lineno":1605,"name":"find_spec"},{"filename":"<frozen importlib._bootstrap_external>","lineno":147,"name":"_path_stat"},{"filename":"/home/airflow/.local/lib/python3.12/site-packages/airflow/models/dagbag.py","lineno":135,"name":"handle_timeout"}],"is_group":false,"exceptions":[]}]}
