{"timestamp":"2026-08-01T13:22:37.555148Z","level":"info","event":"Filling up the DagBag from /opt/airflow/dags/xcom_manual_kwargs_dag.py","logger":"airflow.models.dagbag.DagBag","filename":"dagbag.py","lineno":593}
{"timestamp":"2026-08-01T13:23:36.398402Z","level":"info","event":"Filling up the DagBag from /opt/airflow/dags/xcom_manual_kwargs_dag.py","logger":"airflow.models.dagbag.DagBag","filename":"dagbag.py","lineno":593}
{"timestamp":"2026-08-01T13:24:07.280086Z","level":"info","event":"Filling up the DagBag from /opt/airflow/dags/xcom_manual_kwargs_dag.py","logger":"airflow.models.dagbag.DagBag","filename":"dagbag.py","lineno":593}
{"timestamp":"2026-08-01T13:24:37.931126Z","level":"info","event":"Filling up the DagBag from /opt/airflow/dags/xcom_manual_kwargs_dag.py","logger":"airflow.models.dagbag.DagBag","filename":"dagbag.py","lineno":593}
{"timestamp":"2026-08-01T13:25:08.458138Z","level":"info","event":"Filling up the DagBag from /opt/airflow/dags/xcom_manual_kwargs_dag.py","logger":"airflow.models.dagbag.DagBag","filename":"dagbag.py","lineno":593}
{"timestamp":"2026-08-01T13:25:39.526311Z","level":"info","event":"Filling up the DagBag from /opt/airflow/dags/xcom_manual_kwargs_dag.py","logger":"airflow.models.dagbag.DagBag","filename":"dagbag.py","lineno":593}
{"timestamp":"2026-08-01T13:26:10.146679Z","level":"info","event":"Filling up the DagBag from /opt/airflow/dags/xcom_manual_kwargs_dag.py","logger":"airflow.models.dagbag.DagBag","filename":"dagbag.py","lineno":593}
{"timestamp":"2026-08-01T13:26:40.538195Z","level":"info","event":"Filling up the DagBag from /opt/airflow/dags/xcom_manual_kwargs_dag.py","logger":"airflow.models.dagbag.DagBag","filename":"dagbag.py","lineno":593}
{"timestamp":"2026-08-01T13:27:11.407401Z","level":"info","event":"Filling up the DagBag from /opt/airflow/dags/xcom_manual_kwargs_dag.py","logger":"airflow.models.dagbag.DagBag","filename":"dagbag.py","lineno":593}
{"timestamp":"2026-08-01T13:27:42.579401Z","level":"info","event":"Filling up the DagBag from /opt/airflow/dags/xcom_manual_kwargs_dag.py","logger":"airflow.models.dagbag.DagBag","filename":"dagbag.py","lineno":593}
{"timestamp":"2026-08-01T13:28:13.747592Z","level":"info","event":"Filling up the DagBag from /opt/airflow/dags/xcom_manual_kwargs_dag.py","logger":"airflow.models.dagbag.DagBag","filename":"dagbag.py","lineno":593}
{"timestamp":"2026-08-01T13:28:44.659321Z","level":"info","event":"Filling up the DagBag from /opt/airflow/dags/xcom_manual_kwargs_dag.py","logger":"airflow.models.dagbag.DagBag","filename":"dagbag.py","lineno":593}
{"timestamp":"2026-08-01T13:29:15.419545Z","level":"info","event":"Filling up the DagBag from /opt/airflow/dags/xcom_manual_kwargs_dag.py","logger":"airflow.models.dagbag.DagBag","filename":"dagbag.py","lineno":593}
{"timestamp":"2026-08-01T13:29:45.883106Z","level":"info","event":"Filling up the DagBag from /opt/airflow/dags/xcom_manual_kwargs_dag.py","logger":"airflow.models.dagbag.DagBag","filename":"dagbag.py","lineno":593}
{"timestamp":"2026-08-01T13:30:16.301988Z","level":"info","event":"Filling up the DagBag from /opt/airflow/dags/xcom_manual_kwargs_dag.py","logger":"airflow.models.dagbag.DagBag","filename":"dagbag.py","lineno":593}
{"timestamp":"2026-08-01T13:30:46.601508Z","level":"info","event":"Filling up the DagBag from /opt/airflow/dags/xcom_manual_kwargs_dag.py","logger":"airflow.models.dagbag.DagBag","filename":"dagbag.py","lineno":593}
{"timestamp":"2026-08-01T13:31:17.807898Z","level":"info","event":"Filling up the DagBag from /opt/airflow/dags/xcom_manual_kwargs_dag.py","logger":"airflow.models.dagbag.DagBag","filename":"dagbag.py","lineno":593}
{"timestamp":"2026-08-01T13:31:48.610629Z","level":"info","event":"Filling up the DagBag from /opt/airflow/dags/xcom_manual_kwargs_dag.py","logger":"airflow.models.dagbag.DagBag","filename":"dagbag.py","lineno":593}
{"timestamp":"2026-08-01T13:32:18.937687Z","level":"info","event":"Filling up the DagBag from /opt/airflow/dags/xcom_manual_kwargs_dag.py","logger":"airflow.models.dagbag.DagBag","filename":"dagbag.py","lineno":593}
{"timestamp":"2026-08-01T13:32:49.965066Z","level":"info","event":"Filling up the DagBag from /opt/airflow/dags/xcom_manual_kwargs_dag.py","logger":"airflow.models.dagbag.DagBag","filename":"dagbag.py","lineno":593}
{"timestamp":"2026-08-01T13:33:20.372229Z","level":"info","event":"Filling up the DagBag from /opt/airflow/dags/xcom_manual_kwargs_dag.py","logger":"airflow.models.dagbag.DagBag","filename":"dagbag.py","lineno":593}
{"timestamp":"2026-08-01T13:33:50.889862Z","level":"info","event":"Filling up the DagBag from /opt/airflow/dags/xcom_manual_kwargs_dag.py","logger":"airflow.models.dagbag.DagBag","filename":"dagbag.py","lineno":593}
{"timestamp":"2026-08-01T13:34:21.812478Z","level":"info","event":"Filling up the DagBag from /opt/airflow/dags/xcom_manual_kwargs_dag.py","logger":"airflow.models.dagbag.DagBag","filename":"dagbag.py","lineno":593}
{"timestamp":"2026-08-01T13:34:52.139283Z","level":"info","event":"Filling up the DagBag from /opt/airflow/dags/xcom_manual_kwargs_dag.py","logger":"airflow.models.dagbag.DagBag","filename":"dagbag.py","lineno":593}
{"timestamp":"2026-08-01T13:35:22.547156Z","level":"info","event":"Filling up the DagBag from /opt/airflow/dags/xcom_manual_kwargs_dag.py","logger":"airflow.models.dagbag.DagBag","filename":"dagbag.py","lineno":593}
{"timestamp":"2026-08-01T13:35:52.770718Z","level":"info","event":"Filling up the DagBag from /opt/airflow/dags/xcom_manual_kwargs_dag.py","logger":"airflow.models.dagbag.DagBag","filename":"dagbag.py","lineno":593}
{"timestamp":"2026-08-01T13:36:22.963486Z","level":"info","event":"Filling up the DagBag from /opt/airflow/dags/xcom_manual_kwargs_dag.py","logger":"airflow.models.dagbag.DagBag","filename":"dagbag.py","lineno":593}
{"timestamp":"2026-08-01T13:36:53.130324Z","level":"info","event":"Filling up the DagBag from /opt/airflow/dags/xcom_manual_kwargs_dag.py","logger":"airflow.models.dagbag.DagBag","filename":"dagbag.py","lineno":593}
{"timestamp":"2026-08-01T13:37:23.398708Z","level":"info","event":"Filling up the DagBag from /opt/airflow/dags/xcom_manual_kwargs_dag.py","logger":"airflow.models.dagbag.DagBag","filename":"dagbag.py","lineno":593}
{"timestamp":"2026-08-01T13:37:53.541373Z","level":"info","event":"Filling up the DagBag from /opt/airflow/dags/xcom_manual_kwargs_dag.py","logger":"airflow.models.dagbag.DagBag","filename":"dagbag.py","lineno":593}
{"timestamp":"2026-08-01T13:38:23.878179Z","level":"info","event":"Filling up the DagBag from /opt/airflow/dags/xcom_manual_kwargs_dag.py","logger":"airflow.models.dagbag.DagBag","filename":"dagbag.py","lineno":593}
{"timestamp":"2026-08-01T13:38:54.248821Z","level":"info","event":"Filling up the DagBag from /opt/airflow/dags/xcom_manual_kwargs_dag.py","logger":"airflow.models.dagbag.DagBag","filename":"dagbag.py","lineno":593}
{"timestamp":"2026-08-01T13:39:25.007749Z","level":"info","event":"Filling up the DagBag from /opt/airflow/dags/xcom_manual_kwargs_dag.py","logger":"airflow.models.dagbag.DagBag","filename":"dagbag.py","lineno":593}
{"timestamp":"2026-08-01T13:39:56.285499Z","level":"info","event":"Filling up the DagBag from /opt/airflow/dags/xcom_manual_kwargs_dag.py","logger":"airflow.models.dagbag.DagBag","filename":"dagbag.py","lineno":593}
{"timestamp":"2026-08-01T13:40:28.011072Z","level":"info","event":"Filling up the DagBag from /opt/airflow/dags/xcom_manual_kwargs_dag.py","logger":"airflow.models.dagbag.DagBag","filename":"dagbag.py","lineno":593}
{"timestamp":"2026-08-01T13:40:58.559918Z","level":"info","event":"Filling up the DagBag from /opt/airflow/dags/xcom_manual_kwargs_dag.py","logger":"airflow.models.dagbag.DagBag","filename":"dagbag.py","lineno":593}
{"timestamp":"2026-08-01T13:41:28.843880Z","level":"info","event":"Filling up the DagBag from /opt/airflow/dags/xcom_manual_kwargs_dag.py","logger":"airflow.models.dagbag.DagBag","filename":"dagbag.py","lineno":593}
{"timestamp":"2026-08-01T13:41:59.685907Z","level":"info","event":"Filling up the DagBag from /opt/airflow/dags/xcom_manual_kwargs_dag.py","logger":"airflow.models.dagbag.DagBag","filename":"dagbag.py","lineno":593}
{"timestamp":"2026-08-01T13:42:30.573208Z","level":"info","event":"Filling up the DagBag from /opt/airflow/dags/xcom_manual_kwargs_dag.py","logger":"airflow.models.dagbag.DagBag","filename":"dagbag.py","lineno":593}
{"timestamp":"2026-08-01T13:43:00.785713Z","level":"info","event":"Filling up the DagBag from /opt/airflow/dags/xcom_manual_kwargs_dag.py","logger":"airflow.models.dagbag.DagBag","filename":"dagbag.py","lineno":593}
{"timestamp":"2026-08-01T13:43:31.045764Z","level":"info","event":"Filling up the DagBag from /opt/airflow/dags/xcom_manual_kwargs_dag.py","logger":"airflow.models.dagbag.DagBag","filename":"dagbag.py","lineno":593}
{"timestamp":"2026-08-01T13:44:01.200144Z","level":"info","event":"Filling up the DagBag from /opt/airflow/dags/xcom_manual_kwargs_dag.py","logger":"airflow.models.dagbag.DagBag","filename":"dagbag.py","lineno":593}
{"timestamp":"2026-08-01T13:44:31.539541Z","level":"info","event":"Filling up the DagBag from /opt/airflow/dags/xcom_manual_kwargs_dag.py","logger":"airflow.models.dagbag.DagBag","filename":"dagbag.py","lineno":593}
{"timestamp":"2026-08-01T13:45:01.945594Z","level":"info","event":"Filling up the DagBag from /opt/airflow/dags/xcom_manual_kwargs_dag.py","logger":"airflow.models.dagbag.DagBag","filename":"dagbag.py","lineno":593}
{"timestamp":"2026-08-01T13:45:32.875979Z","level":"info","event":"Filling up the DagBag from /opt/airflow/dags/xcom_manual_kwargs_dag.py","logger":"airflow.models.dagbag.DagBag","filename":"dagbag.py","lineno":593}
{"timestamp":"2026-08-01T13:46:03.531005Z","level":"info","event":"Filling up the DagBag from /opt/airflow/dags/xcom_manual_kwargs_dag.py","logger":"airflow.models.dagbag.DagBag","filename":"dagbag.py","lineno":593}
{"timestamp":"2026-08-01T13:46:33.782495Z","level":"info","event":"Filling up the DagBag from /opt/airflow/dags/xcom_manual_kwargs_dag.py","logger":"airflow.models.dagbag.DagBag","filename":"dagbag.py","lineno":593}
{"timestamp":"2026-08-01T13:47:03.976844Z","level":"info","event":"Filling up the DagBag from /opt/airflow/dags/xcom_manual_kwargs_dag.py","logger":"airflow.models.dagbag.DagBag","filename":"dagbag.py","lineno":593}
{"timestamp":"2026-08-01T13:47:34.159977Z","level":"info","event":"Filling up the DagBag from /opt/airflow/dags/xcom_manual_kwargs_dag.py","logger":"airflow.models.dagbag.DagBag","filename":"dagbag.py","lineno":593}
{"timestamp":"2026-08-01T13:48:04.636118Z","level":"info","event":"Filling up the DagBag from /opt/airflow/dags/xcom_manual_kwargs_dag.py","logger":"airflow.models.dagbag.DagBag","filename":"dagbag.py","lineno":593}
{"timestamp":"2026-08-01T13:48:35.255777Z","level":"info","event":"Filling up the DagBag from /opt/airflow/dags/xcom_manual_kwargs_dag.py","logger":"airflow.models.dagbag.DagBag","filename":"dagbag.py","lineno":593}
{"timestamp":"2026-08-01T13:49:06.129570Z","level":"info","event":"Filling up the DagBag from /opt/airflow/dags/xcom_manual_kwargs_dag.py","logger":"airflow.models.dagbag.DagBag","filename":"dagbag.py","lineno":593}
{"timestamp":"2026-08-01T13:49:36.688957Z","level":"info","event":"Filling up the DagBag from /opt/airflow/dags/xcom_manual_kwargs_dag.py","logger":"airflow.models.dagbag.DagBag","filename":"dagbag.py","lineno":593}
{"timestamp":"2026-08-01T13:50:06.969355Z","level":"info","event":"Filling up the DagBag from /opt/airflow/dags/xcom_manual_kwargs_dag.py","logger":"airflow.models.dagbag.DagBag","filename":"dagbag.py","lineno":593}
{"timestamp":"2026-08-01T13:50:37.335827Z","level":"info","event":"Filling up the DagBag from /opt/airflow/dags/xcom_manual_kwargs_dag.py","logger":"airflow.models.dagbag.DagBag","filename":"dagbag.py","lineno":593}
{"timestamp":"2026-08-01T13:51:07.550420Z","level":"info","event":"Filling up the DagBag from /opt/airflow/dags/xcom_manual_kwargs_dag.py","logger":"airflow.models.dagbag.DagBag","filename":"dagbag.py","lineno":593}
{"timestamp":"2026-08-01T13:51:37.724929Z","level":"info","event":"Filling up the DagBag from /opt/airflow/dags/xcom_manual_kwargs_dag.py","logger":"airflow.models.dagbag.DagBag","filename":"dagbag.py","lineno":593}
{"timestamp":"2026-08-01T13:52:08.013928Z","level":"info","event":"Filling up the DagBag from /opt/airflow/dags/xcom_manual_kwargs_dag.py","logger":"airflow.models.dagbag.DagBag","filename":"dagbag.py","lineno":593}
{"timestamp":"2026-08-01T13:52:38.229984Z","level":"info","event":"Filling up the DagBag from /opt/airflow/dags/xcom_manual_kwargs_dag.py","logger":"airflow.models.dagbag.DagBag","filename":"dagbag.py","lineno":593}
{"timestamp":"2026-08-01T13:53:08.627906Z","level":"info","event":"Filling up the DagBag from /opt/airflow/dags/xcom_manual_kwargs_dag.py","logger":"airflow.models.dagbag.DagBag","filename":"dagbag.py","lineno":593}
{"timestamp":"2026-08-01T13:53:39.429397Z","level":"info","event":"Filling up the DagBag from /opt/airflow/dags/xcom_manual_kwargs_dag.py","logger":"airflow.models.dagbag.DagBag","filename":"dagbag.py","lineno":593}
{"timestamp":"2026-08-01T13:54:10.152514Z","level":"info","event":"Filling up the DagBag from /opt/airflow/dags/xcom_manual_kwargs_dag.py","logger":"airflow.models.dagbag.DagBag","filename":"dagbag.py","lineno":593}
{"timestamp":"2026-08-01T13:54:41.101656Z","level":"info","event":"Filling up the DagBag from /opt/airflow/dags/xcom_manual_kwargs_dag.py","logger":"airflow.models.dagbag.DagBag","filename":"dagbag.py","lineno":593}
{"timestamp":"2026-08-01T13:55:12.201219Z","level":"info","event":"Filling up the DagBag from /opt/airflow/dags/xcom_manual_kwargs_dag.py","logger":"airflow.models.dagbag.DagBag","filename":"dagbag.py","lineno":593}
{"timestamp":"2026-08-01T14:02:34.298686Z","level":"info","event":"Filling up the DagBag from /opt/airflow/dags/xcom_manual_kwargs_dag.py","logger":"airflow.models.dagbag.DagBag","filename":"dagbag.py","lineno":593}
{"timestamp":"2026-08-01T14:03:06.034283Z","level":"info","event":"Filling up the DagBag from /opt/airflow/dags/xcom_manual_kwargs_dag.py","logger":"airflow.models.dagbag.DagBag","filename":"dagbag.py","lineno":593}
{"timestamp":"2026-08-01T14:03:36.925672Z","level":"info","event":"Filling up the DagBag from /opt/airflow/dags/xcom_manual_kwargs_dag.py","logger":"airflow.models.dagbag.DagBag","filename":"dagbag.py","lineno":593}
{"timestamp":"2026-08-01T14:04:07.147270Z","level":"info","event":"Filling up the DagBag from /opt/airflow/dags/xcom_manual_kwargs_dag.py","logger":"airflow.models.dagbag.DagBag","filename":"dagbag.py","lineno":593}
{"timestamp":"2026-08-01T14:04:37.812611Z","level":"info","event":"Filling up the DagBag from /opt/airflow/dags/xcom_manual_kwargs_dag.py","logger":"airflow.models.dagbag.DagBag","filename":"dagbag.py","lineno":593}
{"timestamp":"2026-08-01T14:05:08.648474Z","level":"info","event":"Filling up the DagBag from /opt/airflow/dags/xcom_manual_kwargs_dag.py","logger":"airflow.models.dagbag.DagBag","filename":"dagbag.py","lineno":593}
{"timestamp":"2026-08-01T14:05:39.479215Z","level":"info","event":"Filling up the DagBag from /opt/airflow/dags/xcom_manual_kwargs_dag.py","logger":"airflow.models.dagbag.DagBag","filename":"dagbag.py","lineno":593}
{"timestamp":"2026-08-01T14:06:10.000890Z","level":"info","event":"Filling up the DagBag from /opt/airflow/dags/xcom_manual_kwargs_dag.py","logger":"airflow.models.dagbag.DagBag","filename":"dagbag.py","lineno":593}
{"timestamp":"2026-08-01T14:06:41.017291Z","level":"info","event":"Filling up the DagBag from /opt/airflow/dags/xcom_manual_kwargs_dag.py","logger":"airflow.models.dagbag.DagBag","filename":"dagbag.py","lineno":593}
{"timestamp":"2026-08-01T14:07:11.499490Z","level":"info","event":"Filling up the DagBag from /opt/airflow/dags/xcom_manual_kwargs_dag.py","logger":"airflow.models.dagbag.DagBag","filename":"dagbag.py","lineno":593}
{"timestamp":"2026-08-01T14:07:42.155299Z","level":"info","event":"Filling up the DagBag from /opt/airflow/dags/xcom_manual_kwargs_dag.py","logger":"airflow.models.dagbag.DagBag","filename":"dagbag.py","lineno":593}
{"timestamp":"2026-08-01T14:08:12.473696Z","level":"info","event":"Filling up the DagBag from /opt/airflow/dags/xcom_manual_kwargs_dag.py","logger":"airflow.models.dagbag.DagBag","filename":"dagbag.py","lineno":593}
{"timestamp":"2026-08-01T14:08:42.736421Z","level":"info","event":"Filling up the DagBag from /opt/airflow/dags/xcom_manual_kwargs_dag.py","logger":"airflow.models.dagbag.DagBag","filename":"dagbag.py","lineno":593}
{"timestamp":"2026-08-01T14:09:13.255484Z","level":"info","event":"Filling up the DagBag from /opt/airflow/dags/xcom_manual_kwargs_dag.py","logger":"airflow.models.dagbag.DagBag","filename":"dagbag.py","lineno":593}
{"timestamp":"2026-08-01T14:09:43.516551Z","level":"info","event":"Filling up the DagBag from /opt/airflow/dags/xcom_manual_kwargs_dag.py","logger":"airflow.models.dagbag.DagBag","filename":"dagbag.py","lineno":593}
{"timestamp":"2026-08-01T14:10:13.984780Z","level":"info","event":"Filling up the DagBag from /opt/airflow/dags/xcom_manual_kwargs_dag.py","logger":"airflow.models.dagbag.DagBag","filename":"dagbag.py","lineno":593}
{"timestamp":"2026-08-01T18:14:45.253062Z","level":"info","event":"Filling up the DagBag from /opt/airflow/dags/xcom_manual_kwargs_dag.py","logger":"airflow.models.dagbag.DagBag","filename":"dagbag.py","lineno":593}
{"timestamp":"2026-08-01T18:15:19.929221Z","level":"info","event":"Filling up the DagBag from /opt/airflow/dags/xcom_manual_kwargs_dag.py","logger":"airflow.models.dagbag.DagBag","filename":"dagbag.py","lineno":593}
{"timestamp":"2026-08-01T18:15:51.881767Z","level":"info","event":"Filling up the DagBag from /opt/airflow/dags/xcom_manual_kwargs_dag.py","logger":"airflow.models.dagbag.DagBag","filename":"dagbag.py","lineno":593}
{"timestamp":"2026-08-01T18:16:22.847869Z","level":"info","event":"Filling up the DagBag from /opt/airflow/dags/xcom_manual_kwargs_dag.py","logger":"airflow.models.dagbag.DagBag","filename":"dagbag.py","lineno":593}
{"timestamp":"2026-08-01T18:16:53.482959Z","level":"info","event":"Filling up the DagBag from /opt/airflow/dags/xcom_manual_kwargs_dag.py","logger":"airflow.models.dagbag.DagBag","filename":"dagbag.py","lineno":593}
{"timestamp":"2026-08-01T18:17:23.615515Z","level":"info","event":"Filling up the DagBag from /opt/airflow/dags/xcom_manual_kwargs_dag.py","logger":"airflow.models.dagbag.DagBag","filename":"dagbag.py","lineno":593}
{"timestamp":"2026-08-01T18:17:53.871867Z","level":"info","event":"Filling up the DagBag from /opt/airflow/dags/xcom_manual_kwargs_dag.py","logger":"airflow.models.dagbag.DagBag","filename":"dagbag.py","lineno":593}
{"timestamp":"2026-08-01T18:18:24.193762Z","level":"info","event":"Filling up the DagBag from /opt/airflow/dags/xcom_manual_kwargs_dag.py","logger":"airflow.models.dagbag.DagBag","filename":"dagbag.py","lineno":593}
{"timestamp":"2026-08-01T18:18:54.373169Z","level":"info","event":"Filling up the DagBag from /opt/airflow/dags/xcom_manual_kwargs_dag.py","logger":"airflow.models.dagbag.DagBag","filename":"dagbag.py","lineno":593}
{"timestamp":"2026-08-01T18:19:24.561548Z","level":"info","event":"Filling up the DagBag from /opt/airflow/dags/xcom_manual_kwargs_dag.py","logger":"airflow.models.dagbag.DagBag","filename":"dagbag.py","lineno":593}
{"timestamp":"2026-08-01T18:19:54.948167Z","level":"info","event":"Filling up the DagBag from /opt/airflow/dags/xcom_manual_kwargs_dag.py","logger":"airflow.models.dagbag.DagBag","filename":"dagbag.py","lineno":593}
{"timestamp":"2026-08-01T18:20:25.354944Z","level":"info","event":"Filling up the DagBag from /opt/airflow/dags/xcom_manual_kwargs_dag.py","logger":"airflow.models.dagbag.DagBag","filename":"dagbag.py","lineno":593}
{"timestamp":"2026-08-01T18:20:55.534008Z","level":"info","event":"Filling up the DagBag from /opt/airflow/dags/xcom_manual_kwargs_dag.py","logger":"airflow.models.dagbag.DagBag","filename":"dagbag.py","lineno":593}
{"timestamp":"2026-08-01T18:21:25.936952Z","level":"info","event":"Filling up the DagBag from /opt/airflow/dags/xcom_manual_kwargs_dag.py","logger":"airflow.models.dagbag.DagBag","filename":"dagbag.py","lineno":593}
{"timestamp":"2026-08-01T18:21:56.184986Z","level":"info","event":"Filling up the DagBag from /opt/airflow/dags/xcom_manual_kwargs_dag.py","logger":"airflow.models.dagbag.DagBag","filename":"dagbag.py","lineno":593}
{"timestamp":"2026-08-01T18:22:26.403494Z","level":"info","event":"Filling up the DagBag from /opt/airflow/dags/xcom_manual_kwargs_dag.py","logger":"airflow.models.dagbag.DagBag","filename":"dagbag.py","lineno":593}
{"timestamp":"2026-08-01T18:22:56.584490Z","level":"info","event":"Filling up the DagBag from /opt/airflow/dags/xcom_manual_kwargs_dag.py","logger":"airflow.models.dagbag.DagBag","filename":"dagbag.py","lineno":593}
{"timestamp":"2026-08-01T18:23:26.828495Z","level":"info","event":"Filling up the DagBag from /opt/airflow/dags/xcom_manual_kwargs_dag.py","logger":"airflow.models.dagbag.DagBag","filename":"dagbag.py","lineno":593}
{"timestamp":"2026-08-01T18:23:57.094343Z","level":"info","event":"Filling up the DagBag from /opt/airflow/dags/xcom_manual_kwargs_dag.py","logger":"airflow.models.dagbag.DagBag","filename":"dagbag.py","lineno":593}
{"timestamp":"2026-08-01T18:24:27.304945Z","level":"info","event":"Filling up the DagBag from /opt/airflow/dags/xcom_manual_kwargs_dag.py","logger":"airflow.models.dagbag.DagBag","filename":"dagbag.py","lineno":593}
{"timestamp":"2026-08-01T18:24:57.580951Z","level":"info","event":"Filling up the DagBag from /opt/airflow/dags/xcom_manual_kwargs_dag.py","logger":"airflow.models.dagbag.DagBag","filename":"dagbag.py","lineno":593}
{"timestamp":"2026-08-01T18:25:27.912248Z","level":"info","event":"Filling up the DagBag from /opt/airflow/dags/xcom_manual_kwargs_dag.py","logger":"airflow.models.dagbag.DagBag","filename":"dagbag.py","lineno":593}
{"timestamp":"2026-08-01T18:25:58.036889Z","level":"info","event":"Filling up the DagBag from /opt/airflow/dags/xcom_manual_kwargs_dag.py","logger":"airflow.models.dagbag.DagBag","filename":"dagbag.py","lineno":593}
{"timestamp":"2026-08-01T18:26:28.331364Z","level":"info","event":"Filling up the DagBag from /opt/airflow/dags/xcom_manual_kwargs_dag.py","logger":"airflow.models.dagbag.DagBag","filename":"dagbag.py","lineno":593}
{"timestamp":"2026-08-01T18:26:59.027642Z","level":"info","event":"Filling up the DagBag from /opt/airflow/dags/xcom_manual_kwargs_dag.py","logger":"airflow.models.dagbag.DagBag","filename":"dagbag.py","lineno":593}
{"timestamp":"2026-08-01T18:27:29.641354Z","level":"info","event":"Filling up the DagBag from /opt/airflow/dags/xcom_manual_kwargs_dag.py","logger":"airflow.models.dagbag.DagBag","filename":"dagbag.py","lineno":593}
{"timestamp":"2026-08-01T18:27:59.848273Z","level":"info","event":"Filling up the DagBag from /opt/airflow/dags/xcom_manual_kwargs_dag.py","logger":"airflow.models.dagbag.DagBag","filename":"dagbag.py","lineno":593}
{"timestamp":"2026-08-01T18:28:30.069505Z","level":"info","event":"Filling up the DagBag from /opt/airflow/dags/xcom_manual_kwargs_dag.py","logger":"airflow.models.dagbag.DagBag","filename":"dagbag.py","lineno":593}
{"timestamp":"2026-08-01T18:29:00.320425Z","level":"info","event":"Filling up the DagBag from /opt/airflow/dags/xcom_manual_kwargs_dag.py","logger":"airflow.models.dagbag.DagBag","filename":"dagbag.py","lineno":593}
{"timestamp":"2026-08-01T18:29:30.462599Z","level":"info","event":"Filling up the DagBag from /opt/airflow/dags/xcom_manual_kwargs_dag.py","logger":"airflow.models.dagbag.DagBag","filename":"dagbag.py","lineno":593}
{"timestamp":"2026-08-01T18:30:00.916382Z","level":"info","event":"Filling up the DagBag from /opt/airflow/dags/xcom_manual_kwargs_dag.py","logger":"airflow.models.dagbag.DagBag","filename":"dagbag.py","lineno":593}
{"timestamp":"2026-08-01T18:30:31.151774Z","level":"info","event":"Filling up the DagBag from /opt/airflow/dags/xcom_manual_kwargs_dag.py","logger":"airflow.models.dagbag.DagBag","filename":"dagbag.py","lineno":593}
{"timestamp":"2026-08-01T18:31:01.276373Z","level":"info","event":"Filling up the DagBag from /opt/airflow/dags/xcom_manual_kwargs_dag.py","logger":"airflow.models.dagbag.DagBag","filename":"dagbag.py","lineno":593}
{"timestamp":"2026-08-01T18:31:31.867813Z","level":"info","event":"Filling up the DagBag from /opt/airflow/dags/xcom_manual_kwargs_dag.py","logger":"airflow.models.dagbag.DagBag","filename":"dagbag.py","lineno":593}
{"timestamp":"2026-08-01T18:32:02.100603Z","level":"info","event":"Filling up the DagBag from /opt/airflow/dags/xcom_manual_kwargs_dag.py","logger":"airflow.models.dagbag.DagBag","filename":"dagbag.py","lineno":593}
{"timestamp":"2026-08-01T18:32:32.432187Z","level":"info","event":"Filling up the DagBag from /opt/airflow/dags/xcom_manual_kwargs_dag.py","logger":"airflow.models.dagbag.DagBag","filename":"dagbag.py","lineno":593}
{"timestamp":"2026-08-01T18:33:02.731895Z","level":"info","event":"Filling up the DagBag from /opt/airflow/dags/xcom_manual_kwargs_dag.py","logger":"airflow.models.dagbag.DagBag","filename":"dagbag.py","lineno":593}
{"timestamp":"2026-08-01T18:33:33.080706Z","level":"info","event":"Filling up the DagBag from /opt/airflow/dags/xcom_manual_kwargs_dag.py","logger":"airflow.models.dagbag.DagBag","filename":"dagbag.py","lineno":593}
{"timestamp":"2026-08-01T18:34:03.545109Z","level":"info","event":"Filling up the DagBag from /opt/airflow/dags/xcom_manual_kwargs_dag.py","logger":"airflow.models.dagbag.DagBag","filename":"dagbag.py","lineno":593}
{"timestamp":"2026-08-01T18:34:34.497774Z","level":"info","event":"Filling up the DagBag from /opt/airflow/dags/xcom_manual_kwargs_dag.py","logger":"airflow.models.dagbag.DagBag","filename":"dagbag.py","lineno":593}
{"timestamp":"2026-08-01T18:35:04.884003Z","level":"info","event":"Filling up the DagBag from /opt/airflow/dags/xcom_manual_kwargs_dag.py","logger":"airflow.models.dagbag.DagBag","filename":"dagbag.py","lineno":593}
{"timestamp":"2026-08-01T18:35:35.298283Z","level":"info","event":"Filling up the DagBag from /opt/airflow/dags/xcom_manual_kwargs_dag.py","logger":"airflow.models.dagbag.DagBag","filename":"dagbag.py","lineno":593}
{"timestamp":"2026-08-01T18:36:05.604053Z","level":"info","event":"Filling up the DagBag from /opt/airflow/dags/xcom_manual_kwargs_dag.py","logger":"airflow.models.dagbag.DagBag","filename":"dagbag.py","lineno":593}
{"timestamp":"2026-08-01T18:36:36.120181Z","level":"info","event":"Filling up the DagBag from /opt/airflow/dags/xcom_manual_kwargs_dag.py","logger":"airflow.models.dagbag.DagBag","filename":"dagbag.py","lineno":593}
{"timestamp":"2026-08-01T18:37:07.237826Z","level":"info","event":"Filling up the DagBag from /opt/airflow/dags/xcom_manual_kwargs_dag.py","logger":"airflow.models.dagbag.DagBag","filename":"dagbag.py","lineno":593}
{"timestamp":"2026-08-01T18:37:37.612889Z","level":"info","event":"Filling up the DagBag from /opt/airflow/dags/xcom_manual_kwargs_dag.py","logger":"airflow.models.dagbag.DagBag","filename":"dagbag.py","lineno":593}
{"timestamp":"2026-08-01T18:38:08.289511Z","level":"info","event":"Filling up the DagBag from /opt/airflow/dags/xcom_manual_kwargs_dag.py","logger":"airflow.models.dagbag.DagBag","filename":"dagbag.py","lineno":593}
{"timestamp":"2026-08-01T18:38:38.983281Z","level":"info","event":"Filling up the DagBag from /opt/airflow/dags/xcom_manual_kwargs_dag.py","logger":"airflow.models.dagbag.DagBag","filename":"dagbag.py","lineno":593}
{"timestamp":"2026-08-01T18:39:09.693732Z","level":"info","event":"Filling up the DagBag from /opt/airflow/dags/xcom_manual_kwargs_dag.py","logger":"airflow.models.dagbag.DagBag","filename":"dagbag.py","lineno":593}
{"timestamp":"2026-08-01T18:39:41.291368Z","level":"info","event":"Filling up the DagBag from /opt/airflow/dags/xcom_manual_kwargs_dag.py","logger":"airflow.models.dagbag.DagBag","filename":"dagbag.py","lineno":593}
{"timestamp":"2026-08-01T18:40:12.949571Z","level":"info","event":"Filling up the DagBag from /opt/airflow/dags/xcom_manual_kwargs_dag.py","logger":"airflow.models.dagbag.DagBag","filename":"dagbag.py","lineno":593}
{"timestamp":"2026-08-01T18:40:43.891981Z","level":"info","event":"Filling up the DagBag from /opt/airflow/dags/xcom_manual_kwargs_dag.py","logger":"airflow.models.dagbag.DagBag","filename":"dagbag.py","lineno":593}
{"timestamp":"2026-08-01T18:41:14.598173Z","level":"info","event":"Filling up the DagBag from /opt/airflow/dags/xcom_manual_kwargs_dag.py","logger":"airflow.models.dagbag.DagBag","filename":"dagbag.py","lineno":593}
{"timestamp":"2026-08-01T18:41:47.798571Z","level":"info","event":"Filling up the DagBag from /opt/airflow/dags/xcom_manual_kwargs_dag.py","logger":"airflow.models.dagbag.DagBag","filename":"dagbag.py","lineno":593}
{"timestamp":"2026-08-01T18:42:19.101199Z","level":"info","event":"Filling up the DagBag from /opt/airflow/dags/xcom_manual_kwargs_dag.py","logger":"airflow.models.dagbag.DagBag","filename":"dagbag.py","lineno":593}
{"timestamp":"2026-08-01T18:42:49.422882Z","level":"info","event":"Filling up the DagBag from /opt/airflow/dags/xcom_manual_kwargs_dag.py","logger":"airflow.models.dagbag.DagBag","filename":"dagbag.py","lineno":593}
{"timestamp":"2026-08-01T18:43:20.182258Z","level":"info","event":"Filling up the DagBag from /opt/airflow/dags/xcom_manual_kwargs_dag.py","logger":"airflow.models.dagbag.DagBag","filename":"dagbag.py","lineno":593}
{"timestamp":"2026-08-01T18:43:50.996758Z","level":"info","event":"Filling up the DagBag from /opt/airflow/dags/xcom_manual_kwargs_dag.py","logger":"airflow.models.dagbag.DagBag","filename":"dagbag.py","lineno":593}
{"timestamp":"2026-08-01T18:44:21.790485Z","level":"info","event":"Filling up the DagBag from /opt/airflow/dags/xcom_manual_kwargs_dag.py","logger":"airflow.models.dagbag.DagBag","filename":"dagbag.py","lineno":593}
{"timestamp":"2026-08-01T18:44:52.080726Z","level":"info","event":"Filling up the DagBag from /opt/airflow/dags/xcom_manual_kwargs_dag.py","logger":"airflow.models.dagbag.DagBag","filename":"dagbag.py","lineno":593}
{"timestamp":"2026-08-01T18:45:22.367469Z","level":"info","event":"Filling up the DagBag from /opt/airflow/dags/xcom_manual_kwargs_dag.py","logger":"airflow.models.dagbag.DagBag","filename":"dagbag.py","lineno":593}
{"timestamp":"2026-08-01T18:45:52.711909Z","level":"info","event":"Filling up the DagBag from /opt/airflow/dags/xcom_manual_kwargs_dag.py","logger":"airflow.models.dagbag.DagBag","filename":"dagbag.py","lineno":593}
{"timestamp":"2026-08-01T18:46:24.022567Z","level":"info","event":"Filling up the DagBag from /opt/airflow/dags/xcom_manual_kwargs_dag.py","logger":"airflow.models.dagbag.DagBag","filename":"dagbag.py","lineno":593}
{"timestamp":"2026-08-01T18:46:54.712111Z","level":"info","event":"Filling up the DagBag from /opt/airflow/dags/xcom_manual_kwargs_dag.py","logger":"airflow.models.dagbag.DagBag","filename":"dagbag.py","lineno":593}
{"timestamp":"2026-08-01T18:47:25.432198Z","level":"info","event":"Filling up the DagBag from /opt/airflow/dags/xcom_manual_kwargs_dag.py","logger":"airflow.models.dagbag.DagBag","filename":"dagbag.py","lineno":593}
{"timestamp":"2026-08-01T18:47:55.939813Z","level":"info","event":"Filling up the DagBag from /opt/airflow/dags/xcom_manual_kwargs_dag.py","logger":"airflow.models.dagbag.DagBag","filename":"dagbag.py","lineno":593}
{"timestamp":"2026-08-01T18:48:42.276179Z","level":"info","event":"Filling up the DagBag from /opt/airflow/dags/xcom_manual_kwargs_dag.py","logger":"airflow.models.dagbag.DagBag","filename":"dagbag.py","lineno":593}
{"timestamp":"2026-08-01T18:53:14.617783Z","level":"info","event":"Filling up the DagBag from /opt/airflow/dags/xcom_manual_kwargs_dag.py","logger":"airflow.models.dagbag.DagBag","filename":"dagbag.py","lineno":593}
{"timestamp":"2026-08-01T18:53:33.942945Z","level":"error","event":"Process timed out, PID: 5385","logger":"airflow.models.dagbag","filename":"dagbag.py","lineno":134}
{"timestamp":"2026-08-01T18:53:34.062735Z","level":"error","event":"Failed to import: /opt/airflow/dags/xcom_manual_kwargs_dag.py","logger":"airflow.models.dagbag.DagBag","filename":"dagbag.py","lineno":415,"error_detail":[{"exc_type":"AirflowTaskTimeout","exc_value":"DagBag import timeout for /opt/airflow/dags/xcom_manual_kwargs_dag.py after 10.0s.\nPlease take a look at these docs to improve your DAG import time:\n* https://airflow.apache.org/docs/apache-airflow/3.1.6/best-practices.html#top-level-python-code\n* https://airflow.apache.org/docs/apache-airflow/3.1.6/best-practices.html#reducing-dag-complexity, PID: 5385","exc_notes":[],"syntax_error":null,"is_cause":false,"frames":[{"filename":"/home/airflow/.local/lib/python3.12/site-packages/airflow/models/dagbag.py","lineno":405,"name":"parse"},{"filename":"<frozen importlib._bootstrap_external>","lineno":999,"name":"exec_module"},{"filename":"<frozen importlib._bootstrap>","lineno":488,"name":"_call_with_frames_removed"},{"filename":"/opt/airflow/dags/xcom_manual_kwargs_dag.py","lineno":31,"name":"<module>"},{"filename":"/home/airflow/.local/lib/python3.12/site-packages/airflow/sdk/definitions/dag.py","lineno":1559,"name":"factory"},{"filename":"/opt/airflow/dags/xcom_manual_kwargs_dag.py","lineno":6,"name":"xcom_manual_with_kwargs"},{"filename":"/home/airflow/.local/lib/python3.12/site-packages/airflow/sdk/definitions/decorators/__init__.py","lineno":50,"name":"__getattr__"},{"filename":"/home/airflow/.local/lib/python3.12/site-packages/airflow/providers_manager.py","lineno":1206,"name":"taskflow_decorators"},{"filename":"/home/airflow/.local/lib/python3.12/site-packages/airflow/providers_manager.py","lineno":354,"name":"wrapped_function"},{"filename":"/home/airflow/.local/lib/python3.12/site-packages/airflow/providers_manager.py","lineno":354,"name":"wrapped_function"},{"filename":"/home/airflow/.local/lib/python3.12/site-packages/airflow/providers_manager.py","lineno":505,"name":"initialize_providers_taskflow_decorator"},{"filename":"/home/airflow/.local/lib/python3.12/site-packages/airflow/providers_manager.py","lineno":863,"name":"_discover_taskflow_decorators"},{"filename":"/home/airflow/.local/lib/python3.12/site-packages/airflow/providers_manager.py","lineno":886,"name":"_add_taskflow_decorator"},{"filename":"/home/airflow/.local/lib/python3.12/site-packages/airflow/providers_manager.py","lineno":104,"name":"__setitem__"},{"filename":"/home/airflow/.local/lib/python3.12/site-packages/airflow/models/dagbag.py","lineno":135,"name":"handle_timeout"}],"is_group":false,"exceptions":[]}]}
{"timestamp":"2026-08-01T18:58:37.013106Z","level":"info","event":"Filling up the DagBag from /opt/airflow/dags/xcom_manual_kwargs_dag.py","logger":"airflow.models.dagbag.DagBag","filename":"dagbag.py","lineno":593}
{"timestamp":"2026-08-01T18:58:56.135864Z","level":"error","event":"Process timed out, PID: 5435","logger":"airflow.models.dagbag","filename":"dagbag.py","lineno":134}
{"timestamp":"2026-08-01T18:58:56.139227Z","level":"error","event":"Failed to import: /opt/airflow/dags/xcom_manual_kwargs_dag.py","logger":"airflow.models.dagbag.DagBag","filename":"dagbag.py","lineno":415,"error_detail":[{"exc_type":"AirflowTaskTimeout","exc_value":"DagBag import timeout for /opt/airflow/dags/xcom_manual_kwargs_dag.py after 10.0s.\nPlease take a look at these docs to improve your DAG import time:\n* https://airflow.apache.org/docs/apache-airflow/3.1.6/best-practices.html#top-level-python-code\n* https://airflow.apache.org/docs/apache-airflow/3.1.6/best-practices.html#reducing-dag-complexity, PID: 5435","exc_notes":[],"syntax_error":null,"is_cause":false,"frames":[{"filename":"/home/airflow/.local/lib/python3.12/site-packages/airflow/models/dagbag.py","lineno":405,"name":"parse"},{"filename":"<frozen importlib._bootstrap_external>","lineno":999,"name":"exec_module"},{"filename":"<frozen importlib._bootstrap>","lineno":488,"name":"_call_with_frames_removed"},{"filename":"/opt/airflow/dags/xcom_manual_kwargs_dag.py","lineno":31,"name":"<module>"},{"filename":"/home/airflow/.local/lib/python3.12/site-packages/airflow/sdk/definitions/dag.py","lineno":1543,"name":"factory"},{"filename":"<attrs generated methods airflow.sdk.definitions.dag.DAG>","lineno":16,"name":"__init__"},{"filename":"/home/airflow/.local/lib/python3.12/site-packages/airflow/sdk/definitions/dag.py","lineno":587,"name":"_default_timetable"},{"filename":"/usr/python/lib/python3.12/typing.py","lineno":1926,"name":"__instancecheck__"},{"filename":"/usr/python/lib/python3.12/inspect.py","lineno":1861,"name":"getattr_static"},{"filename":"/usr/python/lib/python3.12/inspect.py","lineno":1840,"name":"_shadowed_dict"},{"filename":"/home/airflow/.local/lib/python3.12/site-packages/airflow/models/dagbag.py","lineno":135,"name":"handle_timeout"}],"is_group":false,"exceptions":[]}]}
{"timestamp":"2026-08-01T19:09:19.311061Z","level":"info","event":"Filling up the DagBag from /opt/airflow/dags/xcom_manual_kwargs_dag.py","logger":"airflow.models.dagbag.DagBag","filename":"dagbag.py","lineno":593}
{"timestamp":"2026-08-01T20:23:12.234588Z","level":"info","event":"Filling up the DagBag from /opt/airflow/dags/xcom_manual_kwargs_dag.py","logger":"airflow.models.dagbag.DagBag","filename":"dagbag.py","lineno":593}
{"timestamp":"2026-08-01T20:26:56.391347Z","level":"error","event":"Process timed out, PID: 5748","logger":"airflow.models.dagbag","filename":"dagbag.py","lineno":134}
{"timestamp":"2026-08-01T20:26:59.911115Z","level":"error","event":"Failed to import: /opt/airflow/dags/xcom_manual_kwargs_dag.py","logger":"airflow.models.dagbag.DagBag","filename":"dagbag.py","lineno":415,"error_detail":[{"exc_type":"AirflowTaskTimeout","exc_value":"DagBag import timeout for /opt/airflow/dags/xcom_manual_kwargs_dag.py after 10.0s.\nPlease take a look at these docs to improve your DAG import time:\n* https://airflow.apache.org/docs/apache-airflow/3.1.6/best-practices.html#top-level-python-code\n* https://airflow.apache.org/docs/apache-airflow/3.1.6/best-practices.html#reducing-dag-complexity, PID: 5748","exc_notes":[],"syntax_error":null,"is_cause":false,"frames":[{"filename":"/home/airflow/.local/lib/python3.12/site-packages/airflow/models/dagbag.py","lineno":405,"name":"parse"},{"filename":"<frozen importlib._bootstrap_external>","lineno":999,"name":"exec_module"},{"filename":"<frozen importlib._bootstrap>","lineno":488,"name":"_call_with_frames_removed"},{"filename":"/opt/airflow/dags/xcom_manual_kwargs_dag.py","lineno":1,"name":"<module>"},{"filename":"<frozen importlib._bootstrap>","lineno":1412,"name":"_handle_fromlist"},{"filename":"/home/airflow/.local/lib/python3.12/site-packages/airflow/sdk/__init__.py","lineno":134,"name":"__getattr__"},{"filename":"/usr/python/lib/python3.12/importlib/__init__.py","lineno":90,"name":"import_module"},{"filename":"<frozen importlib._bootstrap>","lineno":1387,"name":"_gcd_import"},{"filename":"<frozen importlib._bootstrap>","lineno":1360,"name":"_find_and_load"},{"filename":"<frozen importlib._bootstrap>","lineno":1322,"name":"_find_and_load_unlocked"},{"filename":"<frozen importlib._bootstrap>","lineno":1262,"name":"_find_spec"},{"filename":"<frozen importlib._bootstrap_external>","lineno":1532,"name":"find_spec"},{"filename":"<frozen importlib._bootstrap_external>","lineno":1506,"name":"_get_spec"},{"filename":"<frozen importlib._bootstrap_external>","lineno":1605,"name":"find_spec"},{"filename":"<frozen importlib._bootstrap_external>","lineno":147,"name":"_path_stat"},{"filename":"/home/airflow/.local/lib/python3.12/site-packages/airflow/models/dagbag.py","lineno":135,"name":"handle_timeout"}],"is_group":false,"exceptions":[]}]}
