{"timestamp":"2026-08-03T07:13:53.886973Z","level":"info","event":"Filling up the DagBag from /opt/airflow/dags/5.operator_dag.py","logger":"airflow.models.dagbag.DagBag","filename":"dagbag.py","lineno":593}
{"timestamp":"2026-08-03T07:13:55.245718Z","level":"warning","event":"The `airflow.operators.bash.BashOperator` attribute is deprecated. Please use `'airflow.providers.standard.operators.bash.BashOperator'`.","category":"DeprecatedImportWarning","filename":"/opt/airflow/dags/5.operator_dag.py","lineno":2,"logger":"py.warnings"}
{"timestamp":"2026-08-03T07:14:39.685162Z","level":"info","event":"Filling up the DagBag from /opt/airflow/dags/5.operator_dag.py","logger":"airflow.models.dagbag.DagBag","filename":"dagbag.py","lineno":593}
{"timestamp":"2026-08-03T07:14:40.433409Z","level":"warning","event":"The `airflow.operators.bash.BashOperator` attribute is deprecated. Please use `'airflow.providers.standard.operators.bash.BashOperator'`.","category":"DeprecatedImportWarning","filename":"/opt/airflow/dags/5.operator_dag.py","lineno":2,"logger":"py.warnings"}
{"timestamp":"2026-08-03T07:15:41.828820Z","level":"info","event":"Filling up the DagBag from /opt/airflow/dags/5.operator_dag.py","logger":"airflow.models.dagbag.DagBag","filename":"dagbag.py","lineno":593}
{"timestamp":"2026-08-03T07:15:51.183399Z","level":"warning","event":"The `airflow.operators.bash.BashOperator` attribute is deprecated. Please use `'airflow.providers.standard.operators.bash.BashOperator'`.","category":"DeprecatedImportWarning","filename":"/opt/airflow/dags/5.operator_dag.py","lineno":2,"logger":"py.warnings"}
{"timestamp":"2026-08-03T07:16:27.739382Z","level":"info","event":"Filling up the DagBag from /opt/airflow/dags/5.operator_dag.py","logger":"airflow.models.dagbag.DagBag","filename":"dagbag.py","lineno":593}
{"timestamp":"2026-08-03T07:16:29.308723Z","level":"warning","event":"The `airflow.operators.bash.BashOperator` attribute is deprecated. Please use `'airflow.providers.standard.operators.bash.BashOperator'`.","category":"DeprecatedImportWarning","filename":"/opt/airflow/dags/5.operator_dag.py","lineno":2,"logger":"py.warnings"}
{"timestamp":"2026-08-03T07:17:07.159876Z","level":"info","event":"Filling up the DagBag from /opt/airflow/dags/5.operator_dag.py","logger":"airflow.models.dagbag.DagBag","filename":"dagbag.py","lineno":593}
{"timestamp":"2026-08-03T07:17:07.445728Z","level":"warning","event":"The `airflow.operators.bash.BashOperator` attribute is deprecated. Please use `'airflow.providers.standard.operators.bash.BashOperator'`.","category":"DeprecatedImportWarning","filename":"/opt/airflow/dags/5.operator_dag.py","lineno":2,"logger":"py.warnings"}
{"timestamp":"2026-08-03T07:17:41.560446Z","level":"info","event":"Filling up the DagBag from /opt/airflow/dags/5.operator_dag.py","logger":"airflow.models.dagbag.DagBag","filename":"dagbag.py","lineno":593}
{"timestamp":"2026-08-03T07:17:42.592157Z","level":"warning","event":"The `airflow.operators.bash.BashOperator` attribute is deprecated. Please use `'airflow.providers.standard.operators.bash.BashOperator'`.","category":"DeprecatedImportWarning","filename":"/opt/airflow/dags/5.operator_dag.py","lineno":2,"logger":"py.warnings"}
{"timestamp":"2026-08-03T07:18:15.401522Z","level":"info","event":"Filling up the DagBag from /opt/airflow/dags/5.operator_dag.py","logger":"airflow.models.dagbag.DagBag","filename":"dagbag.py","lineno":593}
{"timestamp":"2026-08-03T07:18:16.605564Z","level":"warning","event":"The `airflow.operators.bash.BashOperator` attribute is deprecated. Please use `'airflow.providers.standard.operators.bash.BashOperator'`.","category":"DeprecatedImportWarning","filename":"/opt/airflow/dags/5.operator_dag.py","lineno":2,"logger":"py.warnings"}
{"timestamp":"2026-08-03T07:18:48.705111Z","level":"info","event":"Filling up the DagBag from /opt/airflow/dags/5.operator_dag.py","logger":"airflow.models.dagbag.DagBag","filename":"dagbag.py","lineno":593}
{"timestamp":"2026-08-03T07:18:49.205311Z","level":"warning","event":"The `airflow.operators.bash.BashOperator` attribute is deprecated. Please use `'airflow.providers.standard.operators.bash.BashOperator'`.","category":"DeprecatedImportWarning","filename":"/opt/airflow/dags/5.operator_dag.py","lineno":2,"logger":"py.warnings"}
{"timestamp":"2026-08-03T07:19:20.475312Z","level":"info","event":"Filling up the DagBag from /opt/airflow/dags/5.operator_dag.py","logger":"airflow.models.dagbag.DagBag","filename":"dagbag.py","lineno":593}
{"timestamp":"2026-08-03T07:19:21.158651Z","level":"warning","event":"The `airflow.operators.bash.BashOperator` attribute is deprecated. Please use `'airflow.providers.standard.operators.bash.BashOperator'`.","category":"DeprecatedImportWarning","filename":"/opt/airflow/dags/5.operator_dag.py","lineno":2,"logger":"py.warnings"}
{"timestamp":"2026-08-03T07:19:52.592845Z","level":"info","event":"Filling up the DagBag from /opt/airflow/dags/5.operator_dag.py","logger":"airflow.models.dagbag.DagBag","filename":"dagbag.py","lineno":593}
{"timestamp":"2026-08-03T07:19:52.789260Z","level":"warning","event":"The `airflow.operators.bash.BashOperator` attribute is deprecated. Please use `'airflow.providers.standard.operators.bash.BashOperator'`.","category":"DeprecatedImportWarning","filename":"/opt/airflow/dags/5.operator_dag.py","lineno":2,"logger":"py.warnings"}
{"timestamp":"2026-08-03T07:20:23.773856Z","level":"info","event":"Filling up the DagBag from /opt/airflow/dags/5.operator_dag.py","logger":"airflow.models.dagbag.DagBag","filename":"dagbag.py","lineno":593}
{"timestamp":"2026-08-03T07:20:23.972039Z","level":"warning","event":"The `airflow.operators.bash.BashOperator` attribute is deprecated. Please use `'airflow.providers.standard.operators.bash.BashOperator'`.","category":"DeprecatedImportWarning","filename":"/opt/airflow/dags/5.operator_dag.py","lineno":2,"logger":"py.warnings"}
{"timestamp":"2026-08-03T07:20:54.503887Z","level":"info","event":"Filling up the DagBag from /opt/airflow/dags/5.operator_dag.py","logger":"airflow.models.dagbag.DagBag","filename":"dagbag.py","lineno":593}
{"timestamp":"2026-08-03T07:20:54.580987Z","level":"warning","event":"The `airflow.operators.bash.BashOperator` attribute is deprecated. Please use `'airflow.providers.standard.operators.bash.BashOperator'`.","category":"DeprecatedImportWarning","filename":"/opt/airflow/dags/5.operator_dag.py","lineno":2,"logger":"py.warnings"}
{"timestamp":"2026-08-03T07:21:25.395665Z","level":"info","event":"Filling up the DagBag from /opt/airflow/dags/5.operator_dag.py","logger":"airflow.models.dagbag.DagBag","filename":"dagbag.py","lineno":593}
{"timestamp":"2026-08-03T07:21:25.455592Z","level":"warning","event":"The `airflow.operators.bash.BashOperator` attribute is deprecated. Please use `'airflow.providers.standard.operators.bash.BashOperator'`.","category":"DeprecatedImportWarning","filename":"/opt/airflow/dags/5.operator_dag.py","lineno":2,"logger":"py.warnings"}
{"timestamp":"2026-08-03T07:21:55.659703Z","level":"info","event":"Filling up the DagBag from /opt/airflow/dags/5.operator_dag.py","logger":"airflow.models.dagbag.DagBag","filename":"dagbag.py","lineno":593}
{"timestamp":"2026-08-03T07:21:55.753445Z","level":"warning","event":"The `airflow.operators.bash.BashOperator` attribute is deprecated. Please use `'airflow.providers.standard.operators.bash.BashOperator'`.","category":"DeprecatedImportWarning","filename":"/opt/airflow/dags/5.operator_dag.py","lineno":2,"logger":"py.warnings"}
{"timestamp":"2026-08-03T07:22:25.984420Z","level":"info","event":"Filling up the DagBag from /opt/airflow/dags/5.operator_dag.py","logger":"airflow.models.dagbag.DagBag","filename":"dagbag.py","lineno":593}
{"timestamp":"2026-08-03T07:22:26.043675Z","level":"warning","event":"The `airflow.operators.bash.BashOperator` attribute is deprecated. Please use `'airflow.providers.standard.operators.bash.BashOperator'`.","category":"DeprecatedImportWarning","filename":"/opt/airflow/dags/5.operator_dag.py","lineno":2,"logger":"py.warnings"}
{"timestamp":"2026-08-03T07:22:56.958213Z","level":"info","event":"Filling up the DagBag from /opt/airflow/dags/5.operator_dag.py","logger":"airflow.models.dagbag.DagBag","filename":"dagbag.py","lineno":593}
{"timestamp":"2026-08-03T07:22:57.011004Z","level":"warning","event":"The `airflow.operators.bash.BashOperator` attribute is deprecated. Please use `'airflow.providers.standard.operators.bash.BashOperator'`.","category":"DeprecatedImportWarning","filename":"/opt/airflow/dags/5.operator_dag.py","lineno":2,"logger":"py.warnings"}
{"timestamp":"2026-08-03T07:23:27.186713Z","level":"info","event":"Filling up the DagBag from /opt/airflow/dags/5.operator_dag.py","logger":"airflow.models.dagbag.DagBag","filename":"dagbag.py","lineno":593}
{"timestamp":"2026-08-03T07:23:27.244102Z","level":"warning","event":"The `airflow.operators.bash.BashOperator` attribute is deprecated. Please use `'airflow.providers.standard.operators.bash.BashOperator'`.","category":"DeprecatedImportWarning","filename":"/opt/airflow/dags/5.operator_dag.py","lineno":2,"logger":"py.warnings"}
{"timestamp":"2026-08-03T07:23:57.506127Z","level":"info","event":"Filling up the DagBag from /opt/airflow/dags/5.operator_dag.py","logger":"airflow.models.dagbag.DagBag","filename":"dagbag.py","lineno":593}
{"timestamp":"2026-08-03T07:23:57.556897Z","level":"warning","event":"The `airflow.operators.bash.BashOperator` attribute is deprecated. Please use `'airflow.providers.standard.operators.bash.BashOperator'`.","category":"DeprecatedImportWarning","filename":"/opt/airflow/dags/5.operator_dag.py","lineno":2,"logger":"py.warnings"}
{"timestamp":"2026-08-03T07:24:27.745998Z","level":"info","event":"Filling up the DagBag from /opt/airflow/dags/5.operator_dag.py","logger":"airflow.models.dagbag.DagBag","filename":"dagbag.py","lineno":593}
{"timestamp":"2026-08-03T07:24:27.804917Z","level":"warning","event":"The `airflow.operators.bash.BashOperator` attribute is deprecated. Please use `'airflow.providers.standard.operators.bash.BashOperator'`.","category":"DeprecatedImportWarning","filename":"/opt/airflow/dags/5.operator_dag.py","lineno":2,"logger":"py.warnings"}
{"timestamp":"2026-08-03T07:24:58.511918Z","level":"info","event":"Filling up the DagBag from /opt/airflow/dags/5.operator_dag.py","logger":"airflow.models.dagbag.DagBag","filename":"dagbag.py","lineno":593}
{"timestamp":"2026-08-03T07:24:58.610810Z","level":"warning","event":"The `airflow.operators.bash.BashOperator` attribute is deprecated. Please use `'airflow.providers.standard.operators.bash.BashOperator'`.","category":"DeprecatedImportWarning","filename":"/opt/airflow/dags/5.operator_dag.py","lineno":2,"logger":"py.warnings"}
{"timestamp":"2026-08-03T07:25:29.116064Z","level":"info","event":"Filling up the DagBag from /opt/airflow/dags/5.operator_dag.py","logger":"airflow.models.dagbag.DagBag","filename":"dagbag.py","lineno":593}
{"timestamp":"2026-08-03T07:25:29.230604Z","level":"warning","event":"The `airflow.operators.bash.BashOperator` attribute is deprecated. Please use `'airflow.providers.standard.operators.bash.BashOperator'`.","category":"DeprecatedImportWarning","filename":"/opt/airflow/dags/5.operator_dag.py","lineno":2,"logger":"py.warnings"}
{"timestamp":"2026-08-03T07:25:59.653314Z","level":"info","event":"Filling up the DagBag from /opt/airflow/dags/5.operator_dag.py","logger":"airflow.models.dagbag.DagBag","filename":"dagbag.py","lineno":593}
{"timestamp":"2026-08-03T07:25:59.707713Z","level":"warning","event":"The `airflow.operators.bash.BashOperator` attribute is deprecated. Please use `'airflow.providers.standard.operators.bash.BashOperator'`.","category":"DeprecatedImportWarning","filename":"/opt/airflow/dags/5.operator_dag.py","lineno":2,"logger":"py.warnings"}
{"timestamp":"2026-08-03T07:26:29.917059Z","level":"info","event":"Filling up the DagBag from /opt/airflow/dags/5.operator_dag.py","logger":"airflow.models.dagbag.DagBag","filename":"dagbag.py","lineno":593}
{"timestamp":"2026-08-03T07:26:29.964472Z","level":"warning","event":"The `airflow.operators.bash.BashOperator` attribute is deprecated. Please use `'airflow.providers.standard.operators.bash.BashOperator'`.","category":"DeprecatedImportWarning","filename":"/opt/airflow/dags/5.operator_dag.py","lineno":2,"logger":"py.warnings"}
{"timestamp":"2026-08-03T07:27:00.149823Z","level":"info","event":"Filling up the DagBag from /opt/airflow/dags/5.operator_dag.py","logger":"airflow.models.dagbag.DagBag","filename":"dagbag.py","lineno":593}
{"timestamp":"2026-08-03T07:27:00.209607Z","level":"warning","event":"The `airflow.operators.bash.BashOperator` attribute is deprecated. Please use `'airflow.providers.standard.operators.bash.BashOperator'`.","category":"DeprecatedImportWarning","filename":"/opt/airflow/dags/5.operator_dag.py","lineno":2,"logger":"py.warnings"}
{"timestamp":"2026-08-03T07:27:31.012372Z","level":"info","event":"Filling up the DagBag from /opt/airflow/dags/5.operator_dag.py","logger":"airflow.models.dagbag.DagBag","filename":"dagbag.py","lineno":593}
{"timestamp":"2026-08-03T07:27:31.064703Z","level":"warning","event":"The `airflow.operators.bash.BashOperator` attribute is deprecated. Please use `'airflow.providers.standard.operators.bash.BashOperator'`.","category":"DeprecatedImportWarning","filename":"/opt/airflow/dags/5.operator_dag.py","lineno":2,"logger":"py.warnings"}
{"timestamp":"2026-08-03T07:28:01.372204Z","level":"info","event":"Filling up the DagBag from /opt/airflow/dags/5.operator_dag.py","logger":"airflow.models.dagbag.DagBag","filename":"dagbag.py","lineno":593}
{"timestamp":"2026-08-03T07:28:01.440482Z","level":"warning","event":"The `airflow.operators.bash.BashOperator` attribute is deprecated. Please use `'airflow.providers.standard.operators.bash.BashOperator'`.","category":"DeprecatedImportWarning","filename":"/opt/airflow/dags/5.operator_dag.py","lineno":2,"logger":"py.warnings"}
{"timestamp":"2026-08-03T07:28:31.931497Z","level":"info","event":"Filling up the DagBag from /opt/airflow/dags/5.operator_dag.py","logger":"airflow.models.dagbag.DagBag","filename":"dagbag.py","lineno":593}
{"timestamp":"2026-08-03T07:28:31.984829Z","level":"warning","event":"The `airflow.operators.bash.BashOperator` attribute is deprecated. Please use `'airflow.providers.standard.operators.bash.BashOperator'`.","category":"DeprecatedImportWarning","filename":"/opt/airflow/dags/5.operator_dag.py","lineno":2,"logger":"py.warnings"}
{"timestamp":"2026-08-03T07:29:02.697730Z","level":"info","event":"Filling up the DagBag from /opt/airflow/dags/5.operator_dag.py","logger":"airflow.models.dagbag.DagBag","filename":"dagbag.py","lineno":593}
{"timestamp":"2026-08-03T07:29:02.757910Z","level":"warning","event":"The `airflow.operators.bash.BashOperator` attribute is deprecated. Please use `'airflow.providers.standard.operators.bash.BashOperator'`.","category":"DeprecatedImportWarning","filename":"/opt/airflow/dags/5.operator_dag.py","lineno":2,"logger":"py.warnings"}
{"timestamp":"2026-08-03T07:29:33.374021Z","level":"info","event":"Filling up the DagBag from /opt/airflow/dags/5.operator_dag.py","logger":"airflow.models.dagbag.DagBag","filename":"dagbag.py","lineno":593}
{"timestamp":"2026-08-03T07:29:33.424174Z","level":"warning","event":"The `airflow.operators.bash.BashOperator` attribute is deprecated. Please use `'airflow.providers.standard.operators.bash.BashOperator'`.","category":"DeprecatedImportWarning","filename":"/opt/airflow/dags/5.operator_dag.py","lineno":2,"logger":"py.warnings"}
{"timestamp":"2026-08-03T07:30:03.995996Z","level":"info","event":"Filling up the DagBag from /opt/airflow/dags/5.operator_dag.py","logger":"airflow.models.dagbag.DagBag","filename":"dagbag.py","lineno":593}
{"timestamp":"2026-08-03T07:30:04.045311Z","level":"warning","event":"The `airflow.operators.bash.BashOperator` attribute is deprecated. Please use `'airflow.providers.standard.operators.bash.BashOperator'`.","category":"DeprecatedImportWarning","filename":"/opt/airflow/dags/5.operator_dag.py","lineno":2,"logger":"py.warnings"}
{"timestamp":"2026-08-03T07:30:35.951039Z","level":"info","event":"Filling up the DagBag from /opt/airflow/dags/5.operator_dag.py","logger":"airflow.models.dagbag.DagBag","filename":"dagbag.py","lineno":593}
{"timestamp":"2026-08-03T07:30:36.657988Z","level":"warning","event":"The `airflow.operators.bash.BashOperator` attribute is deprecated. Please use `'airflow.providers.standard.operators.bash.BashOperator'`.","category":"DeprecatedImportWarning","filename":"/opt/airflow/dags/5.operator_dag.py","lineno":2,"logger":"py.warnings"}
{"timestamp":"2026-08-03T07:31:07.860808Z","level":"info","event":"Filling up the DagBag from /opt/airflow/dags/5.operator_dag.py","logger":"airflow.models.dagbag.DagBag","filename":"dagbag.py","lineno":593}
{"timestamp":"2026-08-03T07:31:07.952704Z","level":"warning","event":"The `airflow.operators.bash.BashOperator` attribute is deprecated. Please use `'airflow.providers.standard.operators.bash.BashOperator'`.","category":"DeprecatedImportWarning","filename":"/opt/airflow/dags/5.operator_dag.py","lineno":2,"logger":"py.warnings"}
{"timestamp":"2026-08-03T07:31:38.774156Z","level":"info","event":"Filling up the DagBag from /opt/airflow/dags/5.operator_dag.py","logger":"airflow.models.dagbag.DagBag","filename":"dagbag.py","lineno":593}
{"timestamp":"2026-08-03T07:31:38.856227Z","level":"warning","event":"The `airflow.operators.bash.BashOperator` attribute is deprecated. Please use `'airflow.providers.standard.operators.bash.BashOperator'`.","category":"DeprecatedImportWarning","filename":"/opt/airflow/dags/5.operator_dag.py","lineno":2,"logger":"py.warnings"}
{"timestamp":"2026-08-03T07:33:29.660441Z","level":"info","event":"Filling up the DagBag from /opt/airflow/dags/5.operator_dag.py","logger":"airflow.models.dagbag.DagBag","filename":"dagbag.py","lineno":593}
{"timestamp":"2026-08-03T07:33:35.727083Z","level":"warning","event":"The `airflow.operators.bash.BashOperator` attribute is deprecated. Please use `'airflow.providers.standard.operators.bash.BashOperator'`.","category":"DeprecatedImportWarning","filename":"/opt/airflow/dags/5.operator_dag.py","lineno":2,"logger":"py.warnings"}
{"timestamp":"2026-08-03T07:44:47.198456Z","level":"info","event":"Filling up the DagBag from /opt/airflow/dags/5.operator_dag.py","logger":"airflow.models.dagbag.DagBag","filename":"dagbag.py","lineno":593}
{"timestamp":"2026-08-03T07:45:17.137318Z","level":"error","event":"Process timed out, PID: 554","logger":"airflow.models.dagbag","filename":"dagbag.py","lineno":134}
{"timestamp":"2026-08-03T07:45:18.731038Z","level":"error","event":"Failed to import: /opt/airflow/dags/5.operator_dag.py","logger":"airflow.models.dagbag.DagBag","filename":"dagbag.py","lineno":415,"error_detail":[{"exc_type":"AirflowTaskTimeout","exc_value":"DagBag import timeout for /opt/airflow/dags/5.operator_dag.py after 10.0s.\nPlease take a look at these docs to improve your DAG import time:\n* https://airflow.apache.org/docs/apache-airflow/3.1.6/best-practices.html#top-level-python-code\n* https://airflow.apache.org/docs/apache-airflow/3.1.6/best-practices.html#reducing-dag-complexity, PID: 554","exc_notes":[],"syntax_error":null,"is_cause":false,"frames":[{"filename":"/home/airflow/.local/lib/python3.12/site-packages/airflow/models/dagbag.py","lineno":405,"name":"parse"},{"filename":"<frozen importlib._bootstrap_external>","lineno":995,"name":"exec_module"},{"filename":"<frozen importlib._bootstrap_external>","lineno":1085,"name":"get_code"},{"filename":"<frozen importlib._bootstrap_external>","lineno":1208,"name":"path_stats"},{"filename":"<frozen importlib._bootstrap_external>","lineno":147,"name":"_path_stat"},{"filename":"/home/airflow/.local/lib/python3.12/site-packages/airflow/models/dagbag.py","lineno":135,"name":"handle_timeout"}],"is_group":false,"exceptions":[]}]}
{"timestamp":"2026-08-03T12:21:28.236668Z","level":"info","event":"Filling up the DagBag from /opt/airflow/dags/5.operator_dag.py","logger":"airflow.models.dagbag.DagBag","filename":"dagbag.py","lineno":593}
{"timestamp":"2026-08-03T12:21:29.763291Z","level":"warning","event":"The `airflow.operators.bash.BashOperator` attribute is deprecated. Please use `'airflow.providers.standard.operators.bash.BashOperator'`.","category":"DeprecatedImportWarning","filename":"/opt/airflow/dags/5.operator_dag.py","lineno":2,"logger":"py.warnings"}
{"timestamp":"2026-08-03T12:22:09.053064Z","level":"info","event":"Filling up the DagBag from /opt/airflow/dags/5.operator_dag.py","logger":"airflow.models.dagbag.DagBag","filename":"dagbag.py","lineno":593}
{"timestamp":"2026-08-03T12:22:10.094255Z","level":"warning","event":"The `airflow.operators.bash.BashOperator` attribute is deprecated. Please use `'airflow.providers.standard.operators.bash.BashOperator'`.","category":"DeprecatedImportWarning","filename":"/opt/airflow/dags/5.operator_dag.py","lineno":2,"logger":"py.warnings"}
{"timestamp":"2026-08-03T12:40:44.007414Z","level":"info","event":"Filling up the DagBag from /opt/airflow/dags/5.operator_dag.py","logger":"airflow.models.dagbag.DagBag","filename":"dagbag.py","lineno":593}
{"timestamp":"2026-08-03T12:40:59.778402Z","level":"error","event":"Process timed out, PID: 81","logger":"airflow.models.dagbag","filename":"dagbag.py","lineno":134}
{"timestamp":"2026-08-03T12:40:59.888481Z","level":"error","event":"Failed to import: /opt/airflow/dags/5.operator_dag.py","logger":"airflow.models.dagbag.DagBag","filename":"dagbag.py","lineno":415,"error_detail":[{"exc_type":"AirflowTaskTimeout","exc_value":"DagBag import timeout for /opt/airflow/dags/5.operator_dag.py after 10.0s.\nPlease take a look at these docs to improve your DAG import time:\n* https://airflow.apache.org/docs/apache-airflow/3.1.6/best-practices.html#top-level-python-code\n* https://airflow.apache.org/docs/apache-airflow/3.1.6/best-practices.html#reducing-dag-complexity, PID: 81","exc_notes":[],"syntax_error":null,"is_cause":false,"frames":[{"filename":"/home/airflow/.local/lib/python3.12/site-packages/airflow/models/dagbag.py","lineno":405,"name":"parse"},{"filename":"<frozen importlib._bootstrap_external>","lineno":999,"name":"exec_module"},{"filename":"<frozen importlib._bootstrap>","lineno":488,"name":"_call_with_frames_removed"},{"filename":"/opt/airflow/dags/5.operator_dag.py","lineno":2,"name":"<module>"},{"filename":"/home/airflow/.local/lib/python3.12/site-packages/airflow/utils/deprecation_tools.py","lineno":78,"name":"getattr_with_deprecation"},{"filename":"/usr/python/lib/python3.12/importlib/__init__.py","lineno":90,"name":"import_module"},{"filename":"<frozen importlib._bootstrap>","lineno":1387,"name":"_gcd_import"},{"filename":"<frozen importlib._bootstrap>","lineno":1360,"name":"_find_and_load"},{"filename":"<frozen importlib._bootstrap>","lineno":1331,"name":"_find_and_load_unlocked"},{"filename":"<frozen importlib._bootstrap>","lineno":935,"name":"_load_unlocked"},{"filename":"<frozen importlib._bootstrap_external>","lineno":999,"name":"exec_module"},{"filename":"<frozen importlib._bootstrap>","lineno":488,"name":"_call_with_frames_removed"},{"filename":"/home/airflow/.local/lib/python3.12/site-packages/airflow/providers/standard/operators/bash.py","lineno":41,"name":"<module>"},{"filename":"/home/airflow/.local/lib/python3.12/site-packages/airflow/sdk/bases/operator.py","lineno":556,"name":"__new__"},{"filename":"/home/airflow/.local/lib/python3.12/site-packages/airflow/sdk/bases/operator.py","lineno":454,"name":"_apply_defaults"},{"filename":"/usr/python/lib/python3.12/inspect.py","lineno":3348,"name":"signature"},{"filename":"/usr/python/lib/python3.12/inspect.py","lineno":3085,"name":"from_callable"},{"filename":"/usr/python/lib/python3.12/inspect.py","lineno":2538,"name":"_signature_from_callable"},{"filename":"/usr/python/lib/python3.12/inspect.py","lineno":773,"name":"unwrap"},{"filename":"/home/airflow/.local/lib/python3.12/site-packages/airflow/models/dagbag.py","lineno":135,"name":"handle_timeout"}],"is_group":false,"exceptions":[]}]}
{"timestamp":"2026-08-03T12:41:22.661327Z","level":"warning","event":"The `airflow.operators.bash.BashOperator` attribute is deprecated. Please use `'airflow.providers.standard.operators.bash.BashOperator'`.","category":"DeprecatedImportWarning","filename":"/opt/airflow/dags/5.operator_dag.py","lineno":2,"logger":"py.warnings"}
{"timestamp":"2026-08-03T12:42:12.996030Z","level":"info","event":"Filling up the DagBag from /opt/airflow/dags/5.operator_dag.py","logger":"airflow.models.dagbag.DagBag","filename":"dagbag.py","lineno":593}
{"timestamp":"2026-08-03T12:42:19.707558Z","level":"warning","event":"The `airflow.operators.bash.BashOperator` attribute is deprecated. Please use `'airflow.providers.standard.operators.bash.BashOperator'`.","category":"DeprecatedImportWarning","filename":"/opt/airflow/dags/5.operator_dag.py","lineno":2,"logger":"py.warnings"}
{"timestamp":"2026-08-03T12:43:10.377749Z","level":"info","event":"Filling up the DagBag from /opt/airflow/dags/5.operator_dag.py","logger":"airflow.models.dagbag.DagBag","filename":"dagbag.py","lineno":593}
{"timestamp":"2026-08-03T12:43:13.264245Z","level":"warning","event":"The `airflow.operators.bash.BashOperator` attribute is deprecated. Please use `'airflow.providers.standard.operators.bash.BashOperator'`.","category":"DeprecatedImportWarning","filename":"/opt/airflow/dags/5.operator_dag.py","lineno":2,"logger":"py.warnings"}
{"timestamp":"2026-08-03T17:55:46.606520Z","level":"info","event":"Filling up the DagBag from /opt/airflow/dags/5.operator_dag.py","logger":"airflow.models.dagbag.DagBag","filename":"dagbag.py","lineno":593}
{"timestamp":"2026-08-03T17:55:46.787659Z","level":"warning","event":"The `airflow.operators.bash.BashOperator` attribute is deprecated. Please use `'airflow.providers.standard.operators.bash.BashOperator'`.","category":"DeprecatedImportWarning","filename":"/opt/airflow/dags/5.operator_dag.py","lineno":2,"logger":"py.warnings"}
{"timestamp":"2026-08-03T17:56:18.706252Z","level":"info","event":"Filling up the DagBag from /opt/airflow/dags/5.operator_dag.py","logger":"airflow.models.dagbag.DagBag","filename":"dagbag.py","lineno":593}
{"timestamp":"2026-08-03T17:56:18.965559Z","level":"warning","event":"The `airflow.operators.bash.BashOperator` attribute is deprecated. Please use `'airflow.providers.standard.operators.bash.BashOperator'`.","category":"DeprecatedImportWarning","filename":"/opt/airflow/dags/5.operator_dag.py","lineno":2,"logger":"py.warnings"}
{"timestamp":"2026-08-03T17:56:49.961881Z","level":"info","event":"Filling up the DagBag from /opt/airflow/dags/5.operator_dag.py","logger":"airflow.models.dagbag.DagBag","filename":"dagbag.py","lineno":593}
{"timestamp":"2026-08-03T17:56:50.394933Z","level":"warning","event":"The `airflow.operators.bash.BashOperator` attribute is deprecated. Please use `'airflow.providers.standard.operators.bash.BashOperator'`.","category":"DeprecatedImportWarning","filename":"/opt/airflow/dags/5.operator_dag.py","lineno":2,"logger":"py.warnings"}
{"timestamp":"2026-08-03T17:57:21.033202Z","level":"info","event":"Filling up the DagBag from /opt/airflow/dags/5.operator_dag.py","logger":"airflow.models.dagbag.DagBag","filename":"dagbag.py","lineno":593}
{"timestamp":"2026-08-03T17:57:21.088735Z","level":"warning","event":"The `airflow.operators.bash.BashOperator` attribute is deprecated. Please use `'airflow.providers.standard.operators.bash.BashOperator'`.","category":"DeprecatedImportWarning","filename":"/opt/airflow/dags/5.operator_dag.py","lineno":2,"logger":"py.warnings"}
{"timestamp":"2026-08-03T17:57:51.383716Z","level":"info","event":"Filling up the DagBag from /opt/airflow/dags/5.operator_dag.py","logger":"airflow.models.dagbag.DagBag","filename":"dagbag.py","lineno":593}
{"timestamp":"2026-08-03T17:57:51.434780Z","level":"warning","event":"The `airflow.operators.bash.BashOperator` attribute is deprecated. Please use `'airflow.providers.standard.operators.bash.BashOperator'`.","category":"DeprecatedImportWarning","filename":"/opt/airflow/dags/5.operator_dag.py","lineno":2,"logger":"py.warnings"}
{"timestamp":"2026-08-03T17:58:21.751477Z","level":"info","event":"Filling up the DagBag from /opt/airflow/dags/5.operator_dag.py","logger":"airflow.models.dagbag.DagBag","filename":"dagbag.py","lineno":593}
{"timestamp":"2026-08-03T17:58:21.796738Z","level":"warning","event":"The `airflow.operators.bash.BashOperator` attribute is deprecated. Please use `'airflow.providers.standard.operators.bash.BashOperator'`.","category":"DeprecatedImportWarning","filename":"/opt/airflow/dags/5.operator_dag.py","lineno":2,"logger":"py.warnings"}
{"timestamp":"2026-08-03T17:58:52.284896Z","level":"info","event":"Filling up the DagBag from /opt/airflow/dags/5.operator_dag.py","logger":"airflow.models.dagbag.DagBag","filename":"dagbag.py","lineno":593}
{"timestamp":"2026-08-03T17:58:52.331558Z","level":"warning","event":"The `airflow.operators.bash.BashOperator` attribute is deprecated. Please use `'airflow.providers.standard.operators.bash.BashOperator'`.","category":"DeprecatedImportWarning","filename":"/opt/airflow/dags/5.operator_dag.py","lineno":2,"logger":"py.warnings"}
{"timestamp":"2026-08-03T17:59:23.634947Z","level":"info","event":"Filling up the DagBag from /opt/airflow/dags/5.operator_dag.py","logger":"airflow.models.dagbag.DagBag","filename":"dagbag.py","lineno":593}
{"timestamp":"2026-08-03T17:59:23.692614Z","level":"warning","event":"The `airflow.operators.bash.BashOperator` attribute is deprecated. Please use `'airflow.providers.standard.operators.bash.BashOperator'`.","category":"DeprecatedImportWarning","filename":"/opt/airflow/dags/5.operator_dag.py","lineno":2,"logger":"py.warnings"}
{"timestamp":"2026-08-03T17:59:54.653852Z","level":"info","event":"Filling up the DagBag from /opt/airflow/dags/5.operator_dag.py","logger":"airflow.models.dagbag.DagBag","filename":"dagbag.py","lineno":593}
{"timestamp":"2026-08-03T17:59:54.723399Z","level":"warning","event":"The `airflow.operators.bash.BashOperator` attribute is deprecated. Please use `'airflow.providers.standard.operators.bash.BashOperator'`.","category":"DeprecatedImportWarning","filename":"/opt/airflow/dags/5.operator_dag.py","lineno":2,"logger":"py.warnings"}
{"timestamp":"2026-08-03T18:16:29.966803Z","level":"info","event":"Filling up the DagBag from /opt/airflow/dags/5.operator_dag.py","logger":"airflow.models.dagbag.DagBag","filename":"dagbag.py","lineno":593}
{"timestamp":"2026-08-03T18:16:32.857579Z","level":"warning","event":"The `airflow.operators.bash.BashOperator` attribute is deprecated. Please use `'airflow.providers.standard.operators.bash.BashOperator'`.","category":"DeprecatedImportWarning","filename":"/opt/airflow/dags/5.operator_dag.py","lineno":2,"logger":"py.warnings"}
{"timestamp":"2026-08-03T18:17:10.393104Z","level":"info","event":"Filling up the DagBag from /opt/airflow/dags/5.operator_dag.py","logger":"airflow.models.dagbag.DagBag","filename":"dagbag.py","lineno":593}
{"timestamp":"2026-08-03T18:17:10.519166Z","level":"warning","event":"The `airflow.operators.bash.BashOperator` attribute is deprecated. Please use `'airflow.providers.standard.operators.bash.BashOperator'`.","category":"DeprecatedImportWarning","filename":"/opt/airflow/dags/5.operator_dag.py","lineno":2,"logger":"py.warnings"}
{"timestamp":"2026-08-03T18:17:41.956007Z","level":"info","event":"Filling up the DagBag from /opt/airflow/dags/5.operator_dag.py","logger":"airflow.models.dagbag.DagBag","filename":"dagbag.py","lineno":593}
{"timestamp":"2026-08-03T18:17:42.030912Z","level":"warning","event":"The `airflow.operators.bash.BashOperator` attribute is deprecated. Please use `'airflow.providers.standard.operators.bash.BashOperator'`.","category":"DeprecatedImportWarning","filename":"/opt/airflow/dags/5.operator_dag.py","lineno":2,"logger":"py.warnings"}
{"timestamp":"2026-08-03T18:18:12.307123Z","level":"info","event":"Filling up the DagBag from /opt/airflow/dags/5.operator_dag.py","logger":"airflow.models.dagbag.DagBag","filename":"dagbag.py","lineno":593}
{"timestamp":"2026-08-03T18:18:12.409428Z","level":"warning","event":"The `airflow.operators.bash.BashOperator` attribute is deprecated. Please use `'airflow.providers.standard.operators.bash.BashOperator'`.","category":"DeprecatedImportWarning","filename":"/opt/airflow/dags/5.operator_dag.py","lineno":2,"logger":"py.warnings"}
{"timestamp":"2026-08-03T18:18:43.828070Z","level":"info","event":"Filling up the DagBag from /opt/airflow/dags/5.operator_dag.py","logger":"airflow.models.dagbag.DagBag","filename":"dagbag.py","lineno":593}
{"timestamp":"2026-08-03T18:18:43.882800Z","level":"warning","event":"The `airflow.operators.bash.BashOperator` attribute is deprecated. Please use `'airflow.providers.standard.operators.bash.BashOperator'`.","category":"DeprecatedImportWarning","filename":"/opt/airflow/dags/5.operator_dag.py","lineno":2,"logger":"py.warnings"}
{"timestamp":"2026-08-03T18:19:14.826076Z","level":"info","event":"Filling up the DagBag from /opt/airflow/dags/5.operator_dag.py","logger":"airflow.models.dagbag.DagBag","filename":"dagbag.py","lineno":593}
{"timestamp":"2026-08-03T18:19:14.877875Z","level":"warning","event":"The `airflow.operators.bash.BashOperator` attribute is deprecated. Please use `'airflow.providers.standard.operators.bash.BashOperator'`.","category":"DeprecatedImportWarning","filename":"/opt/airflow/dags/5.operator_dag.py","lineno":2,"logger":"py.warnings"}
